Component: ARM Compiler 5.06 update 6 (build 750) Tool: armlink [4d35ed]

==============================================================================

Section Cross References

    main.o(i.assert_failed) refers to _printf_percent.o(.ARM.Collect$$_printf_percent$$00000000) for _printf_percent
    main.o(i.assert_failed) refers to _printf_d.o(.ARM.Collect$$_printf_percent$$00000009) for _printf_d
    main.o(i.assert_failed) refers to _printf_s.o(.ARM.Collect$$_printf_percent$$00000014) for _printf_s
    main.o(i.assert_failed) refers to _printf_dec.o(.text) for _printf_int_dec
    main.o(i.assert_failed) refers to _printf_str.o(.text) for _printf_str
    main.o(i.assert_failed) refers to noretval__2printf.o(.text) for __2printf
    main.o(i.main) refers to cpu_a.o(.text) for CPU_IntDis
    main.o(i.main) refers to os_core.o(i.OSInit) for OSInit
    main.o(i.main) refers to os_task.o(i.OSTaskCreate) for OSTaskCreate
    main.o(i.main) refers to os_core.o(i.OSStart) for OSStart
    main.o(i.main) refers to task.o(.bss) for START_TASK_STK
    main.o(i.main) refers to task.o(i.start_task) for start_task
    main.o(i.main) refers to task.o(.bss) for TaskStartTCB
    sysbsp.o(i.SYSBSP_Init) refers to led.o(i.LED1_Init) for LED1_Init
    sysbsp.o(i.SYSBSP_Init) refers to led.o(i.LED2_Init) for LED2_Init
    sysbsp.o(i.SYSBSP_Init) refers to usart.o(i.USART1_Configuration) for USART1_Configuration
    sysbsp.o(i.SYSBSP_Init) refers to mb.o(i.eMBInit) for eMBInit
    sysbsp.o(i.SYSBSP_Init) refers to mb.o(i.eMBEnable) for eMBEnable
    sysbsp.o(i.SYSBSP_Init) refers to noretval__2printf.o(.text) for __2printf
    task.o(i.head_task) refers to _printf_percent.o(.ARM.Collect$$_printf_percent$$00000000) for _printf_percent
    task.o(i.head_task) refers to _printf_d.o(.ARM.Collect$$_printf_percent$$00000009) for _printf_d
    task.o(i.head_task) refers to _printf_dec.o(.text) for _printf_int_dec
    task.o(i.head_task) refers to os_task.o(i.OSTaskStkChk) for OSTaskStkChk
    task.o(i.head_task) refers to noretval__2printf.o(.text) for __2printf
    task.o(i.head_task) refers to delay.o(i.Delay1ms) for Delay1ms
    task.o(i.head_task) refers to task.o(.bss) for .bss
    task.o(i.led1_task) refers to stm32f10x_gpio.o(i.GPIO_ResetBits) for GPIO_ResetBits
    task.o(i.led1_task) refers to delay.o(i.Delay1ms) for Delay1ms
    task.o(i.led1_task) refers to stm32f10x_gpio.o(i.GPIO_SetBits) for GPIO_SetBits
    task.o(i.led2_task) refers to stm32f10x_gpio.o(i.GPIO_ResetBits) for GPIO_ResetBits
    task.o(i.led2_task) refers to delay.o(i.Delay1ms) for Delay1ms
    task.o(i.led2_task) refers to stm32f10x_gpio.o(i.GPIO_SetBits) for GPIO_SetBits
    task.o(i.modbus_task) refers to mb.o(i.eMBPoll) for eMBPoll
    task.o(i.modbus_task) refers to delay.o(i.Delay1ms) for Delay1ms
    task.o(i.start_task) refers to sys.o(i.Systick_Init) for Systick_Init
    task.o(i.start_task) refers to sysbsp.o(i.SYSBSP_Init) for SYSBSP_Init
    task.o(i.start_task) refers to cpu_core.o(i.CPU_Init) for CPU_Init
    task.o(i.start_task) refers to lib_mem.o(i.Mem_Init) for Mem_Init
    task.o(i.start_task) refers to lib_math.o(i.Math_Init) for Math_Init
    task.o(i.start_task) refers to os_stat.o(i.OSStatTaskCPUUsageInit) for OSStatTaskCPUUsageInit
    task.o(i.start_task) refers to cpu_core.o(i.CPU_IntDisMeasMaxCurReset) for CPU_IntDisMeasMaxCurReset
    task.o(i.start_task) refers to os_core.o(i.OSSchedRoundRobinCfg) for OSSchedRoundRobinCfg
    task.o(i.start_task) refers to os_task.o(i.OSTaskCreate) for OSTaskCreate
    task.o(i.start_task) refers to os_task.o(i.OSTaskDel) for OSTaskDel
    task.o(i.start_task) refers to noretval__2printf.o(.text) for __2printf
    task.o(i.start_task) refers to task.o(.bss) for .bss
    task.o(i.start_task) refers to task.o(i.usart1_task) for usart1_task
    task.o(i.start_task) refers to task.o(i.led1_task) for led1_task
    task.o(i.start_task) refers to task.o(i.led2_task) for led2_task
    task.o(i.start_task) refers to task.o(i.modbus_task) for modbus_task
    task.o(i.usart1_task) refers to _printf_percent.o(.ARM.Collect$$_printf_percent$$00000000) for _printf_percent
    task.o(i.usart1_task) refers to _printf_d.o(.ARM.Collect$$_printf_percent$$00000009) for _printf_d
    task.o(i.usart1_task) refers to _printf_dec.o(.text) for _printf_int_dec
    task.o(i.usart1_task) refers to noretval__2printf.o(.text) for __2printf
    task.o(i.usart1_task) refers to delay.o(i.Delay1ms) for Delay1ms
    task.o(i.usart1_task) refers to os_var.o(.data) for OSStatTaskCPUUsage
    delay.o(i.Delay1ms) refers to os_time.o(i.OSTimeDly) for OSTimeDly
    delay.o(i.Delay1ms) refers to delay.o(i.Delay1us) for Delay1us
    delay.o(i.Delay1ms) refers to os_var.o(.data) for OSRunning
    delay.o(i.Delay1ms) refers to sys.o(.data) for fac_ms
    delay.o(i.Delay1us) refers to sys.o(.data) for fac_us
    led.o(i.LED1_Init) refers to stm32f10x_rcc.o(i.RCC_APB2PeriphClockCmd) for RCC_APB2PeriphClockCmd
[...]
    RTCAlarm_IRQHandler                      0x08000237   Thumb Code     0  startup_stm32f10x_hd.o(.text)
    RTC_IRQHandler                           0x08000237   Thumb Code     0  startup_stm32f10x_hd.o(.text)
    SDIO_IRQHandler                          0x08000237   Thumb Code     0  startup_stm32f10x_hd.o(.text)
    SPI1_IRQHandler                          0x08000237   Thumb Code     0  startup_stm32f10x_hd.o(.text)
    SPI2_IRQHandler                          0x08000237   Thumb Code     0  startup_stm32f10x_hd.o(.text)
    SPI3_IRQHandler                          0x08000237   Thumb Code     0  startup_stm32f10x_hd.o(.text)
    TAMPER_IRQHandler                        0x08000237   Thumb Code     0  startup_stm32f10x_hd.o(.text)
    TIM1_BRK_IRQHandler                      0x08000237   Thumb Code     0  startup_stm32f10x_hd.o(.text)
    TIM1_CC_IRQHandler                       0x08000237   Thumb Code     0  startup_stm32f10x_hd.o(.text)
    TIM1_TRG_COM_IRQHandler                  0x08000237   Thumb Code     0  startup_stm32f10x_hd.o(.text)
    TIM1_UP_IRQHandler                       0x08000237   Thumb Code     0  startup_stm32f10x_hd.o(.text)
    TIM3_IRQHandler                          0x08000237   Thumb Code     0  startup_stm32f10x_hd.o(.text)
    TIM4_IRQHandler                          0x08000237   Thumb Code     0  startup_stm32f10x_hd.o(.text)
    TIM5_IRQHandler                          0x08000237   Thumb Code     0  startup_stm32f10x_hd.o(.text)
    TIM6_IRQHandler                          0x08000237   Thumb Code     0  startup_stm32f10x_hd.o(.text)
    TIM7_IRQHandler                          0x08000237   Thumb Code     0  startup_stm32f10x_hd.o(.text)
    TIM8_BRK_IRQHandler                      0x08000237   Thumb Code     0  startup_stm32f10x_hd.o(.text)
    TIM8_CC_IRQHandler                       0x08000237   Thumb Code     0  startup_stm32f10x_hd.o(.text)
    TIM8_TRG_COM_IRQHandler                  0x08000237   Thumb Code     0  startup_stm32f10x_hd.o(.text)
    TIM8_UP_IRQHandler                       0x08000237   Thumb Code     0  startup_stm32f10x_hd.o(.text)
    UART4_IRQHandler                         0x08000237   Thumb Code     0  startup_stm32f10x_hd.o(.text)
    UART5_IRQHandler                         0x08000237   Thumb Code     0  startup_stm32f10x_hd.o(.text)
    USART1_IRQHandler                        0x08000237   Thumb Code     0  startup_stm32f10x_hd.o(.text)
    USART3_IRQHandler                        0x08000237   Thumb Code     0  startup_stm32f10x_hd.o(.text)
    USBWakeUp_IRQHandler                     0x08000237   Thumb Code     0  startup_stm32f10x_hd.o(.text)
    USB_HP_CAN1_TX_IRQHandler                0x08000237   Thumb Code     0  startup_stm32f10x_hd.o(.text)
    USB_LP_CAN1_RX0_IRQHandler               0x08000237   Thumb Code     0  startup_stm32f10x_hd.o(.text)
    WWDG_IRQHandler                          0x08000237   Thumb Code     0  startup_stm32f10x_hd.o(.text)
    __user_initial_stackheap                 0x08000239   Thumb Code     0  startup_stm32f10x_hd.o(.text)
    CPU_IntDis                               0x0800025d   Thumb Code     0  cpu_a.o(.text)
    CPU_IntEn                                0x08000261   Thumb Code     0  cpu_a.o(.text)
    CPU_SR_Save                              0x08000265   Thumb Code     0  cpu_a.o(.text)
    CPU_SR_Restore                           0x0800026d   Thumb Code     0  cpu_a.o(.text)
    CPU_WaitForInt                           0x08000273   Thumb Code     0  cpu_a.o(.text)
    CPU_WaitForExcept                        0x08000277   Thumb Code     0  cpu_a.o(.text)
    CPU_CntLeadZeros                         0x0800027b   Thumb Code     0  cpu_a.o(.text)
    CPU_CntTrailZeros                        0x08000281   Thumb Code     0  cpu_a.o(.text)
    CPU_RevBits                              0x0800028b   Thumb Code     0  cpu_a.o(.text)
    __use_no_semihosting                     0x08000291   Thumb Code     2  use_no_semi_2.o(.text)
    __2printf                                0x08000295   Thumb Code    20  noretval__2printf.o(.text)
    __printf                                 0x080002ad   Thumb Code   104  __printf.o(.text)
    _printf_str                              0x08000315   Thumb Code    82  _printf_str.o(.text)
    _printf_int_dec                          0x08000369   Thumb Code   104  _printf_dec.o(.text)
    abort                                    0x080003e1   Thumb Code    22  abort.o(.text)
    __aeabi_memcpy                           0x080003f7   Thumb Code     0  rt_memcpy_v6.o(.text)
    __rt_memcpy                              0x080003f7   Thumb Code   138  rt_memcpy_v6.o(.text)
    _memcpy_lastbytes                        0x0800045d   Thumb Code     0  rt_memcpy_v6.o(.text)
    __use_two_region_memory                  0x08000481   Thumb Code     2  heapauxi.o(.text)
    __rt_heap_escrow$2region                 0x08000483   Thumb Code     2  heapauxi.o(.text)
    __rt_heap_expand$2region                 0x08000485   Thumb Code     2  heapauxi.o(.text)
    __I$use$semihosting                      0x08000487   Thumb Code     0  use_no_semi.o(.text)
    __use_no_semihosting_swi                 0x08000487   Thumb Code     2  use_no_semi.o(.text)
    _printf_int_common                       0x08000489   Thumb Code   178  _printf_intcommon.o(.text)
    _printf_cs_common                        0x0800053b   Thumb Code    20  _printf_char.o(.text)
    _printf_char                             0x0800054f   Thumb Code    16  _printf_char.o(.text)
    _printf_string                           0x0800055f   Thumb Code     8  _printf_char.o(.text)
    _printf_char_file                        0x08000569   Thumb Code    32  _printf_char_file.o(.text)
    __rt_SIGABRT                             0x0800058d   Thumb Code    14  defsig_abrt_outer.o(.text)
    __aeabi_memcpy4                          0x0800059b   Thumb Code     0  rt_memcpy_w.o(.text)
    __aeabi_memcpy8                          0x0800059b   Thumb Code     0  rt_memcpy_w.o(.text)
    __rt_memcpy_w                            0x0800059b   Thumb Code   100  rt_memcpy_w.o(.text)
    _memcpy_lastbytes_aligned                0x080005e3   Thumb Code     0  rt_memcpy_w.o(.text)
    _printf_char_common                      0x0800060b   Thumb Code    32  _printf_char_common.o(.text)
    ferror                                   0x08000631   Thumb Code     8  ferror.o(.text)
    __sig_exit                               0x08000639   Thumb Code    10  defsig_exit.o(.text)
    __rt_SIGABRT_inner                       0x08000645   Thumb Code    14  defsig_abrt_inner.o(.text)
    __user_setup_stackheap                   0x08000675   Thumb Code    74  sys_stackheap_outer.o(.text)
    exit                                     0x080006bf   Thumb Code    18  exit.o(.text)
    __default_signal_display                 0x080006d1   Thumb Code    50  defsig_general.o(.text)
    __user_libspace                          0x08000705   Thumb Code     8  libspace.o(.text)
    __user_perproc_libspace                  0x08000705   Thumb Code     0  libspace.o(.text)
    __user_perthread_libspace                0x08000705   Thumb Code     0  libspace.o(.text)
    OSStartHighRdy                           0x0800070d   Thumb Code     0  os_cpu_a.o(CODE)
    PendSV_Handler                           0x0800072f   Thumb Code     0  os_cpu_a.o(CODE)
    BSP_CPU_ClkFreq                          0x08000791   Thumb Code    16  bsp.o(i.BSP_CPU_ClkFreq)
    BusFault_Handler                         0x080007a1   Thumb Code     2  stm32f10x_it.o(i.BusFault_Handler)
    CPU_Init                                 0x080007a5   Thumb Code    24  cpu_core.o(i.CPU_Init)
    CPU_IntDisMeasMaxCurGet                  0x08000821   Thumb Code    24  cpu_core.o(i.CPU_IntDisMeasMaxCurGet)
    CPU_IntDisMeasMaxCurReset                0x0800083d   Thumb Code    26  cpu_core.o(i.CPU_IntDisMeasMaxCurReset)
    CPU_IntDisMeasMaxGet                     0x0800085d   Thumb Code    24  cpu_core.o(i.CPU_IntDisMeasMaxGet)
    CPU_IntDisMeasStart                      0x08000879   Thumb Code    28  cpu_core.o(i.CPU_IntDisMeasStart)
    CPU_IntDisMeasStop                       0x08000899   Thumb Code    44  cpu_core.o(i.CPU_IntDisMeasStop)
    CPU_NameClr                              0x080008c9   Thumb Code    34  cpu_core.o(i.CPU_NameClr)
    CPU_TS_TmrFreqSet                        0x080008f1   Thumb Code     6  cpu_core.o(i.CPU_TS_TmrFreqSet)
    CPU_TS_TmrInit                           0x080008fd   Thumb Code    38  bsp.o(i.CPU_TS_TmrInit)
    CPU_TS_TmrRd                             0x0800092d   Thumb Code     6  bsp.o(i.CPU_TS_TmrRd)
    DebugMon_Handler                         0x08000939   Thumb Code     2  stm32f10x_it.o(i.DebugMon_Handler)
    Delay1ms                                 0x0800093d   Thumb Code    54  delay.o(i.Delay1ms)
    Delay1us                                 0x0800097d   Thumb Code    48  delay.o(i.Delay1us)
    GPIO_Init                                0x080009b1   Thumb Code   288  stm32f10x_gpio.o(i.GPIO_Init)
    GPIO_ResetBits                           0x08000b0d   Thumb Code    74  stm32f10x_gpio.o(i.GPIO_ResetBits)
    GPIO_SetBits                             0x08000b95   Thumb Code    74  stm32f10x_gpio.o(i.GPIO_SetBits)
    LED1_Init                                0x08000c1d   Thumb Code    38  led.o(i.LED1_Init)
    LED2_Init                                0x08000c49   Thumb Code    38  led.o(i.LED2_Init)
    Math_Init                                0x08000c75   Thumb Code     6  lib_math.o(i.Math_Init)
    Math_RandSetSeed                         0x08000c7d   Thumb Code    32  lib_math.o(i.Math_RandSetSeed)
    MemManage_Handler                        0x08000ca1   Thumb Code     2  stm32f10x_it.o(i.MemManage_Handler)
    Mem_Clr                                  0x08000ca3   Thumb Code     8  lib_mem.o(i.Mem_Clr)
    Mem_Init                                 0x08000cab   Thumb Code     2  lib_mem.o(i.Mem_Init)
    Mem_Set                                  0x08000cad   Thumb Code    70  lib_mem.o(i.Mem_Set)
    NMI_Handler                              0x08000cf3   Thumb Code     2  stm32f10x_it.o(i.NMI_Handler)
    NVIC_Init                                0x08000cf5   Thumb Code   142  misc.o(i.NVIC_Init)
    OSCfg_Init                               0x08000d9d   Thumb Code     2  os_cfg_app.o(i.OSCfg_Init)
    OSIdleTaskHook                           0x08000d9f   Thumb Code     2  os_cpu_c.o(i.OSIdleTaskHook)
    OSInit                                   0x08000da1   Thumb Code   262  os_core.o(i.OSInit)
    OSInitHook                               0x08000eed   Thumb Code    38  os_cpu_c.o(i.OSInitHook)
    OSIntEnter                               0x08000f21   Thumb Code    22  os_core.o(i.OSIntEnter)
    OSIntExit                                0x08000f41   Thumb Code   104  os_core.o(i.OSIntExit)
    OSSched                                  0x08000fcd   Thumb Code    90  os_core.o(i.OSSched)
    OSSchedLock                              0x08001049   Thumb Code    80  os_core.o(i.OSSchedLock)
    OSSchedRoundRobinCfg                     0x080010a5   Thumb Code    74  os_core.o(i.OSSchedRoundRobinCfg)
    OSSchedUnlock                            0x080010fd   Thumb Code   104  os_core.o(i.OSSchedUnlock)
    OSStart                                  0x08001171   Thumb Code    62  os_core.o(i.OSStart)
    OSStatReset                              0x080011c9   Thumb Code   202  os_stat.o(i.OSStatReset)
    OSStatTaskCPUUsageInit                   0x080012c1   Thumb Code   150  os_stat.o(i.OSStatTaskCPUUsageInit)
    OSStatTaskHook                           0x08001375   Thumb Code     2  os_cpu_c.o(i.OSStatTaskHook)
    OSTaskCreate                             0x08001379   Thumb Code   466  os_task.o(i.OSTaskCreate)
    OSTaskCreateHook                         0x08001571   Thumb Code     2  os_cpu_c.o(i.OSTaskCreateHook)
    OSTaskDel                                0x08001575   Thumb Code   336  os_task.o(i.OSTaskDel)
    OSTaskDelHook                            0x080016e1   Thumb Code     2  os_cpu_c.o(i.OSTaskDelHook)
    OSTaskResume                             0x080016e5   Thumb Code    96  os_task.o(i.OSTaskResume)
    OSTaskReturnHook                         0x08001751   Thumb Code     2  os_cpu_c.o(i.OSTaskReturnHook)
    OSTaskSemPend                            0x08001755   Thumb Code   354  os_task.o(i.OSTaskSemPend)
    OSTaskStkChk                             0x080018c5   Thumb Code   162  os_task.o(i.OSTaskStkChk)
    OSTaskStkInit                            0x08001971   Thumb Code    92  os_cpu_c.o(i.OSTaskStkInit)
    OSTaskSuspend                            0x080019d1   Thumb Code    66  os_task.o(i.OSTaskSuspend)
    OSTaskSwHook                             0x08001a25   Thumb Code    78  os_cpu_c.o(i.OSTaskSwHook)
    OSTimeDly                                0x08001a81   Thumb Code   224  os_time.o(i.OSTimeDly)
    OSTimeTick                               0x08001b6d   Thumb Code    52  os_time.o(i.OSTimeTick)
    OSTimeTickHook                           0x08001bad   Thumb Code     2  os_cpu_c.o(i.OSTimeTickHook)
    OS_Dbg_Init                              0x08001baf   Thumb Code     2  os_dbg.o(i.OS_Dbg_Init)
    OS_FlagInit                              0x08001bb1   Thumb Code    14  os_flag.o(i.OS_FlagInit)
    OS_FlagPost                              0x08001bc9   Thumb Code   380  os_flag.o(i.OS_FlagPost)
    OS_FlagTaskRdy                           0x08001d4d   Thumb Code    68  os_flag.o(i.OS_FlagTaskRdy)
    OS_IdleTask                              0x08001d91   Thumb Code    42  os_core.o(i.OS_IdleTask)
    OS_IdleTaskInit                          0x08001dc5   Thumb Code    60  os_core.o(i.OS_IdleTaskInit)
    OS_IntQPost                              0x08001e2d   Thumb Code   148  os_int.o(i.OS_IntQPost)
    OS_IntQRePost                            0x08001ee5   Thumb Code   224  os_int.o(i.OS_IntQRePost)
    OS_IntQTask                              0x08002001   Thumb Code   126  os_int.o(i.OS_IntQTask)
    OS_IntQTaskInit                          0x08002091   Thumb Code   192  os_int.o(i.OS_IntQTaskInit)
    OS_MemInit                               0x080021a9   Thumb Code    14  os_mem.o(i.OS_MemInit)
    OS_MsgPoolInit                           0x080021c1   Thumb Code    94  os_msg.o(i.OS_MsgPoolInit)
    OS_MsgQFreeAll                           0x0800222d   Thumb Code    48  os_msg.o(i.OS_MsgQFreeAll)
    OS_MsgQInit                              0x08002261   Thumb Code    14  os_msg.o(i.OS_MsgQInit)
    OS_MsgQPut                               0x08002271   Thumb Code   132  os_msg.o(i.OS_MsgQPut)
    OS_MutexInit                             0x080022f9   Thumb Code    14  os_mutex.o(i.OS_MutexInit)
    OS_Pend                                  0x08002311   Thumb Code    74  os_core.o(i.OS_Pend)
    OS_PendDataInit                          0x08002361   Thumb Code    48  os_core.o(i.OS_PendDataInit)
    OS_PendDbgNameAdd                        0x08002391   Thumb Code    46  os_core.o(i.OS_PendDbgNameAdd)
    OS_PendDbgNameRemove                     0x080023d9   Thumb Code    22  os_core.o(i.OS_PendDbgNameRemove)
    OS_PendListInsertPrio                    0x080023f5   Thumb Code    90  os_core.o(i.OS_PendListInsertPrio)
    OS_PendListRemove                        0x0800244f   Thumb Code    38  os_core.o(i.OS_PendListRemove)
    OS_PendListRemove1                       0x08002475   Thumb Code    54  os_core.o(i.OS_PendListRemove1)
    OS_Post                                  0x080024ab   Thumb Code   152  os_core.o(i.OS_Post)
    OS_Post1                                 0x08002543   Thumb Code    38  os_core.o(i.OS_Post1)
    OS_PrioGetHighest                        0x08002569   Thumb Code    32  os_prio.o(i.OS_PrioGetHighest)
    OS_PrioInit                              0x0800258d   Thumb Code    16  os_prio.o(i.OS_PrioInit)
    OS_PrioInsert                            0x080025a1   Thumb Code    28  os_prio.o(i.OS_PrioInsert)
    OS_PrioRemove                            0x080025c1   Thumb Code    28  os_prio.o(i.OS_PrioRemove)
    OS_QInit                                 0x080025e1   Thumb Code    14  os_q.o(i.OS_QInit)
    OS_QPost                                 0x080025f9   Thumb Code   262  os_q.o(i.OS_QPost)
    OS_RdyListInit                           0x08002709   Thumb Code    30  os_core.o(i.OS_RdyListInit)
    OS_RdyListInsert                         0x0800272d   Thumb Code    42  os_core.o(i.OS_RdyListInsert)
    OS_RdyListInsertHead                     0x0800275d   Thumb Code    52  os_core.o(i.OS_RdyListInsertHead)
    OS_RdyListInsertTail                     0x08002795   Thumb Code    48  os_core.o(i.OS_RdyListInsertTail)
    OS_RdyListMoveHeadToTail                 0x080027c9   Thumb Code    52  os_core.o(i.OS_RdyListMoveHeadToTail)
    OS_RdyListRemove                         0x080027fd   Thumb Code    78  os_core.o(i.OS_RdyListRemove)
    OS_Sched0                                0x08002851   Thumb Code    50  os_core.o(i.OS_Sched0)
    OS_SchedLockTimeMeasStart                0x08002899   Thumb Code    20  os_core.o(i.OS_SchedLockTimeMeasStart)
    OS_SchedLockTimeMeasStop                 0x080028b5   Thumb Code    42  os_core.o(i.OS_SchedLockTimeMeasStop)
    OS_SchedRoundRobin                       0x080028f1   Thumb Code    88  os_core.o(i.OS_SchedRoundRobin)
    OS_SemInit                               0x08002959   Thumb Code    14  os_sem.o(i.OS_SemInit)
    OS_SemPost                               0x08002971   Thumb Code   218  os_sem.o(i.OS_SemPost)
    OS_StatTask                              0x08002a51   Thumb Code   588  os_stat.o(i.OS_StatTask)
    OS_StatTaskInit                          0x08002ce5   Thumb Code   118  os_stat.o(i.OS_StatTaskInit)
    OS_TaskBlock                             0x08002da1   Thumb Code    42  os_core.o(i.OS_TaskBlock)
    OS_TaskDbgListAdd                        0x08002dcd   Thumb Code    30  os_task.o(i.OS_TaskDbgListAdd)
    OS_TaskDbgListRemove                     0x08002df1   Thumb Code    50  os_task.o(i.OS_TaskDbgListRemove)
    OS_TaskInit                              0x08002e29   Thumb Code    18  os_task.o(i.OS_TaskInit)
    OS_TaskInitTCB                           0x08002e49   Thumb Code   188  os_task.o(i.OS_TaskInitTCB)
    OS_TaskQPost                             0x08002f11   Thumb Code   310  os_task.o(i.OS_TaskQPost)
    OS_TaskRdy                               0x08003055   Thumb Code    28  os_core.o(i.OS_TaskRdy)
    OS_TaskResume                            0x08003071   Thumb Code   252  os_task.o(i.OS_TaskResume)
    OS_TaskReturn                            0x08003171   Thumb Code    20  os_task.o(i.OS_TaskReturn)
    OS_TaskSemPost                           0x08003189   Thumb Code   380  os_task.o(i.OS_TaskSemPost)
    OS_TaskSuspend                           0x08003311   Thumb Code   222  os_task.o(i.OS_TaskSuspend)
    OS_TickListInit                          0x080033f9   Thumb Code    34  os_tick.o(i.OS_TickListInit)
    OS_TickListInsert                        0x08003425   Thumb Code   202  os_tick.o(i.OS_TickListInsert)
    OS_TickListRemove                        0x080034fd   Thumb Code    54  os_tick.o(i.OS_TickListRemove)
    OS_TickListResetPeak                     0x08003535   Thumb Code    30  os_tick.o(i.OS_TickListResetPeak)
    OS_TickListUpdate                        0x0800355d   Thumb Code   348  os_tick.o(i.OS_TickListUpdate)
    OS_TickTask                              0x080036d1   Thumb Code    36  os_tick.o(i.OS_TickTask)
    OS_TickTaskInit                          0x080036f9   Thumb Code   112  os_tick.o(i.OS_TickTaskInit)
    OS_TmrInit                               0x080037a1   Thumb Code   172  os_tmr.o(i.OS_TmrInit)
    OS_TmrLink                               0x080038a5   Thumb Code   140  os_tmr.o(i.OS_TmrLink)
    OS_TmrResetPeak                          0x0800393d   Thumb Code    30  os_tmr.o(i.OS_TmrResetPeak)
    OS_TmrTask                               0x08003965   Thumb Code   156  os_tmr.o(i.OS_TmrTask)
    OS_TmrUnlink                             0x08003a11   Thumb Code    68  os_tmr.o(i.OS_TmrUnlink)
    RCC_APB1PeriphClockCmd                   0x08003a5d   Thumb Code    56  stm32f10x_rcc.o(i.RCC_APB1PeriphClockCmd)
    RCC_APB2PeriphClockCmd                   0x08003abd   Thumb Code    56  stm32f10x_rcc.o(i.RCC_APB2PeriphClockCmd)
    RCC_GetClocksFreq                        0x08003b1d   Thumb Code   132  stm32f10x_rcc.o(i.RCC_GetClocksFreq)
    SVC_Handler                              0x08003bb1   Thumb Code     2  stm32f10x_it.o(i.SVC_Handler)
    SYSBSP_Init                              0x08003bb5   Thumb Code    56  sysbsp.o(i.SYSBSP_Init)
    SysTick_Handler                          0x08003cd5   Thumb Code    28  stm32f10x_it.o(i.SysTick_Handler)
    SystemInit                               0x08003cf5   Thumb Code    64  system_stm32f10x.o(i.SystemInit)
    Systick_Init                             0x08003d45   Thumb Code    66  sys.o(i.Systick_Init)
    TIM2_IRQHandler                          0x08003d99   Thumb Code    36  porttimer.o(i.TIM2_IRQHandler)
    TIM_ARRPreloadConfig                     0x08003dc1   Thumb Code   152  stm32f10x_tim.o(i.TIM_ARRPreloadConfig)
    TIM_ClearITPendingBit                    0x08003eb9   Thumb Code   140  stm32f10x_tim.o(i.TIM_ClearITPendingBit)
    TIM_Cmd                                  0x08003fa5   Thumb Code   152  stm32f10x_tim.o(i.TIM_Cmd)
    TIM_GetITStatus                          0x0800409d   Thumb Code   182  stm32f10x_tim.o(i.TIM_GetITStatus)
    TIM_ITConfig                             0x080041b5   Thumb Code   166  stm32f10x_tim.o(i.TIM_ITConfig)
    TIM_SetCounter                           0x080042bd   Thumb Code   122  stm32f10x_tim.o(i.TIM_SetCounter)
    TIM_TimeBaseInit                         0x08004399   Thumb Code   280  stm32f10x_tim.o(i.TIM_TimeBaseInit)
    USART1_Configuration                     0x08004511   Thumb Code   134  usart.o(i.USART1_Configuration)
    USART2_IRQHandler                        0x080045a1   Thumb Code    76  portserial.o(i.USART2_IRQHandler)
    USART_ClearITPendingBit                  0x080045f9   Thumb Code   134  stm32f10x_usart.o(i.USART_ClearITPendingBit)
    USART_Cmd                                0x080046b5   Thumb Code    80  stm32f10x_usart.o(i.USART_Cmd)
    USART_GetFlagStatus                      0x08004739   Thumb Code   140  stm32f10x_usart.o(i.USART_GetFlagStatus)
    USART_GetITStatus                        0x080047f9   Thumb Code   222  stm32f10x_usart.o(i.USART_GetITStatus)
    USART_ITConfig                           0x0800490d   Thumb Code   210  stm32f10x_usart.o(i.USART_ITConfig)
    USART_Init                               0x08004a15   Thumb Code   370  stm32f10x_usart.o(i.USART_Init)
    USART_ReceiveData                        0x08004bc1   Thumb Code    52  stm32f10x_usart.o(i.USART_ReceiveData)
    USART_SendData                           0x08004c29   Thumb Code    70  stm32f10x_usart.o(i.USART_SendData)
    UsageFault_Handler                       0x08004ca5   Thumb Code     2  stm32f10x_it.o(i.UsageFault_Handler)
    _sys_exit                                0x08004ca7   Thumb Code     2  usart.o(i._sys_exit)
    _ttywrch                                 0x08004ca9   Thumb Code     2  usart.o(i._ttywrch)
    assert_failed                            0x08004cad   Thumb Code    16  main.o(i.assert_failed)
    eMBEnable                                0x08004ced   Thumb Code    28  mb.o(i.eMBEnable)
    eMBFuncReadCoils                         0x08004d0d   Thumb Code   114  mbfunccoils.o(i.eMBFuncReadCoils)
    eMBFuncReadDiscreteInputs                0x08004d7f   Thumb Code   114  mbfuncdisc.o(i.eMBFuncReadDiscreteInputs)
    eMBFuncReadHoldingRegister               0x08004df1   Thumb Code   100  mbfuncholding.o(i.eMBFuncReadHoldingRegister)
    eMBFuncReadInputRegister                 0x08004e55   Thumb Code    98  mbfuncinput.o(i.eMBFuncReadInputRegister)
    eMBFuncReadWriteMultipleHoldingRegister  0x08004eb7   Thumb Code   156  mbfuncholding.o(i.eMBFuncReadWriteMultipleHoldingRegister)
    eMBFuncReportSlaveID                     0x08004f55   Thumb Code    26  mbfuncother.o(i.eMBFuncReportSlaveID)
    eMBFuncWriteCoil                         0x08004f79   Thumb Code    86  mbfunccoils.o(i.eMBFuncWriteCoil)
    eMBFuncWriteHoldingRegister              0x08004fcf   Thumb Code    50  mbfuncholding.o(i.eMBFuncWriteHoldingRegister)
    eMBFuncWriteMultipleCoils                0x08005001   Thumb Code   100  mbfunccoils.o(i.eMBFuncWriteMultipleCoils)
    eMBFuncWriteMultipleHoldingRegister      0x08005065   Thumb Code    78  mbfuncholding.o(i.eMBFuncWriteMultipleHoldingRegister)
    eMBInit                                  0x080050b5   Thumb Code    96  mb.o(i.eMBInit)
    eMBPoll                                  0x08005135   Thumb Code   174  mb.o(i.eMBPoll)
    eMBRTUInit                               0x080051e9   Thumb Code    54  mbrtu.o(i.eMBRTUInit)
    eMBRTUReceive                            0x08005225   Thumb Code    70  mbrtu.o(i.eMBRTUReceive)
    eMBRTUSend                               0x08005275   Thumb Code   102  mbrtu.o(i.eMBRTUSend)
    eMBRTUStart                              0x080052e5   Thumb Code    24  mbrtu.o(i.eMBRTUStart)
    eMBRTUStop                               0x08005301   Thumb Code    18  mbrtu.o(i.eMBRTUStop)
    eMBRegCoilsCB                            0x08005315   Thumb Code   110  demo.o(i.eMBRegCoilsCB)
    eMBRegDiscreteCB                         0x08005389   Thumb Code    68  demo.o(i.eMBRegDiscreteCB)
    eMBRegHoldingCB                          0x080053d1   Thumb Code   102  demo.o(i.eMBRegHoldingCB)
    eMBRegInputCB                            0x0800543d   Thumb Code    60  demo.o(i.eMBRegInputCB)
    fputc                                    0x0800547d   Thumb Code    30  usart.o(i.fputc)
    led1_task                                0x080054a1   Thumb Code    38  task.o(i.led1_task)
    led2_task                                0x080054cd   Thumb Code    38  task.o(i.led2_task)
    main                                     0x080054f9   Thumb Code    68  main.o(i.main)
    modbus_task                              0x08005555   Thumb Code    12  task.o(i.modbus_task)
    prveMBError2Exception                    0x08005561   Thumb Code    24  mbutils.o(i.prveMBError2Exception)
    start_task                               0x08005579   Thumb Code   232  task.o(i.start_task)
    usMBCRC16                                0x080056ed   Thumb Code    38  mbcrc.o(i.usMBCRC16)
    usart1_task                              0x08005719   Thumb Code    28  task.o(i.usart1_task)
    vMBPortSerialEnable                      0x08005751   Thumb Code    46  portserial.o(i.vMBPortSerialEnable)
    vMBPortTimersDisable                     0x08005785   Thumb Code    42  porttimer.o(i.vMBPortTimersDisable)
    vMBPortTimersEnable                      0x080057af   Thumb Code    42  porttimer.o(i.vMBPortTimersEnable)
    xMBPortEventGet                          0x080057d9   Thumb Code    24  portevent.o(i.xMBPortEventGet)
    xMBPortEventInit                         0x080057f5   Thumb Code    10  portevent.o(i.xMBPortEventInit)
    xMBPortEventPost                         0x08005805   Thumb Code    12  portevent.o(i.xMBPortEventPost)
    xMBPortSerialGetByte                     0x08005815   Thumb Code    16  portserial.o(i.xMBPortSerialGetByte)
    xMBPortSerialInit                        0x08005829   Thumb Code   202  portserial.o(i.xMBPortSerialInit)
    xMBPortSerialPutByte                     0x080058fd   Thumb Code    14  portserial.o(i.xMBPortSerialPutByte)
    xMBPortTimersInit                        0x08005911   Thumb Code   122  porttimer.o(i.xMBPortTimersInit)
    xMBRTUReceiveFSM                         0x08005991   Thumb Code    96  mbrtu.o(i.xMBRTUReceiveFSM)
    xMBRTUTimerT35Expired                    0x080059f9   Thumb Code    58  mbrtu.o(i.xMBRTUTimerT35Expired)
    xMBRTUTransmitFSM                        0x08005a39   Thumb Code    86  mbrtu.o(i.xMBRTUTransmitFSM)
    xMBUtilGetBits                           0x08005a95   Thumb Code    34  mbutils.o(i.xMBUtilGetBits)
    xMBUtilSetBits                           0x08005ab7   Thumb Code    50  mbutils.o(i.xMBUtilSetBits)
    OSCfg_IdleTaskStkBasePtr                 0x08005ce8   Data           4  os_cfg_app.o(.constdata)
    OSCfg_IdleTaskStkLimit                   0x08005cec   Data           4  os_cfg_app.o(.constdata)
    OSCfg_IdleTaskStkSize                    0x08005cf0   Data           4  os_cfg_app.o(.constdata)
    OSCfg_IntQBasePtr                        0x08005cf4   Data           4  os_cfg_app.o(.constdata)
    OSCfg_IntQSize                           0x08005cf8   Data           2  os_cfg_app.o(.constdata)
    OSCfg_IntQTaskStkBasePtr                 0x08005cfc   Data           4  os_cfg_app.o(.constdata)
    OSCfg_IntQTaskStkLimit                   0x08005d00   Data           4  os_cfg_app.o(.constdata)
    OSCfg_IntQTaskStkSize                    0x08005d04   Data           4  os_cfg_app.o(.constdata)
    OSCfg_ISRStkBasePtr                      0x08005d08   Data           4  os_cfg_app.o(.constdata)
    OSCfg_ISRStkSize                         0x08005d0c   Data           4  os_cfg_app.o(.constdata)
    OSCfg_MsgPoolSize                        0x08005d10   Data           2  os_cfg_app.o(.constdata)
    OSCfg_MsgPoolBasePtr                     0x08005d14   Data           4  os_cfg_app.o(.constdata)
    OSCfg_StatTaskPrio                       0x08005d18   Data           1  os_cfg_app.o(.constdata)
    OSCfg_StatTaskRate_Hz                    0x08005d1c   Data           4  os_cfg_app.o(.constdata)
    OSCfg_StatTaskStkBasePtr                 0x08005d20   Data           4  os_cfg_app.o(.constdata)
    OSCfg_StatTaskStkLimit                   0x08005d24   Data           4  os_cfg_app.o(.constdata)
    OSCfg_StatTaskStkSize                    0x08005d28   Data           4  os_cfg_app.o(.constdata)
    OSCfg_StkSizeMin                         0x08005d2c   Data           4  os_cfg_app.o(.constdata)
    OSCfg_TickRate_Hz                        0x08005d30   Data           4  os_cfg_app.o(.constdata)
    OSCfg_TickTaskPrio                       0x08005d34   Data           1  os_cfg_app.o(.constdata)
    OSCfg_TickTaskStkBasePtr                 0x08005d38   Data           4  os_cfg_app.o(.constdata)
    OSCfg_TickTaskStkLimit                   0x08005d3c   Data           4  os_cfg_app.o(.constdata)
    OSCfg_TickTaskStkSize                    0x08005d40   Data           4  os_cfg_app.o(.constdata)
    OSCfg_TickWheelSize                      0x08005d44   Data           2  os_cfg_app.o(.constdata)
    OSCfg_TmrTaskPrio                        0x08005d46   Data           1  os_cfg_app.o(.constdata)
    OSCfg_TmrTaskRate_Hz                     0x08005d48   Data           4  os_cfg_app.o(.constdata)
    OSCfg_TmrTaskStkBasePtr                  0x08005d4c   Data           4  os_cfg_app.o(.constdata)
    OSCfg_TmrTaskStkLimit                    0x08005d50   Data           4  os_cfg_app.o(.constdata)
    OSCfg_TmrTaskStkSize                     0x08005d54   Data           4  os_cfg_app.o(.constdata)
    OSCfg_TmrWheelSize                       0x08005d58   Data           2  os_cfg_app.o(.constdata)
    Region$$Table$$Base                      0x08005d5c   Number         0  anon$$obj.o(Region$$Table)
    Region$$Table$$Limit                     0x08005d7c   Number         0  anon$$obj.o(Region$$Table)
    fac_us                                   0x20000000   Data           1  sys.o(.data)
    fac_ms                                   0x20000002   Data           2  sys.o(.data)
    __stdout                                 0x20000004   Data           4  usart.o(.data)
    pxMBFrameCBByteReceived                  0x20000028   Data           4  mb.o(.data)
    pxMBFrameCBTransmitterEmpty              0x2000002c   Data           4  mb.o(.data)
    pxMBPortCBTimerExpired                   0x20000030   Data           4  mb.o(.data)
    usRegInputStart                          0x200000c2   Data           2  demo.o(.data)
    usRegInputBuf                            0x200000c4   Data          20  demo.o(.data)
    usRegHoldingBuf                          0x200000d8   Data          20  demo.o(.data)
    ucRegCoilsBuf                            0x200000ec   Data          10  demo.o(.data)
    ucRegDiscreteBuf                         0x200000f6   Data          10  demo.o(.data)
    SystemCoreClock                          0x20000118   Data           4  system_stm32f10x.o(.data)
    AHBPrescTable                            0x2000011c   Data          16  system_stm32f10x.o(.data)
    Math_RandSeedCur                         0x2000012c   Data           4  lib_math.o(.data)
    CPU_IntDisMeasCtr                        0x20000130   Data           2  cpu_core.o(.data)
    CPU_IntDisNestCtr                        0x20000132   Data           2  cpu_core.o(.data)
    CPU_TS_TmrFreq_Hz                        0x20000134   Data           4  cpu_core.o(.data)
    CPU_IntDisMeasStart_cnts                 0x20000138   Data           4  cpu_core.o(.data)
    CPU_IntDisMeasStop_cnts                  0x2000013c   Data           4  cpu_core.o(.data)
    CPU_IntDisMeasOvrhd_cnts                 0x20000140   Data           4  cpu_core.o(.data)
    CPU_IntDisMeasMaxCur_cnts                0x20000144   Data           4  cpu_core.o(.data)
    CPU_IntDisMeasMax_cnts                   0x20000148   Data           4  cpu_core.o(.data)
    OS_CPU_ExceptStkBase                     0x2000014c   Data           4  os_cpu_c.o(.data)
    OSPrioTbl                                0x20000150   Data           4  os_prio.o(.data)
    OSIdleTaskCtr                            0x20000154   Data           4  os_var.o(.data)
    OSIntNestingCtr                          0x20000158   Data           1  os_var.o(.data)
    OSIntDisTimeMax                          0x2000015c   Data           4  os_var.o(.data)
    OSRunning                                0x20000160   Data           1  os_var.o(.data)
    OSIntQInPtr                              0x20000164   Data           4  os_var.o(.data)
    OSIntQOutPtr                             0x20000168   Data           4  os_var.o(.data)
    OSIntQNbrEntries                         0x2000016c   Data           2  os_var.o(.data)
    OSIntQNbrEntriesMax                      0x2000016e   Data           2  os_var.o(.data)
    OSIntQOvfCtr                             0x20000170   Data           2  os_var.o(.data)
    OSIntQTaskTimeMax                        0x20000174   Data           4  os_var.o(.data)
    OSFlagDbgListPtr                         0x20000178   Data           4  os_var.o(.data)
    OSFlagQty                                0x2000017c   Data           2  os_var.o(.data)
    OSMemDbgListPtr                          0x20000180   Data           4  os_var.o(.data)
    OSMemQty                                 0x20000184   Data           2  os_var.o(.data)
    OSMutexDbgListPtr                        0x20000188   Data           4  os_var.o(.data)
    OSMutexQty                               0x2000018c   Data           2  os_var.o(.data)
    OSPrioCur                                0x2000018e   Data           1  os_var.o(.data)
    OSPrioHighRdy                            0x2000018f   Data           1  os_var.o(.data)
    OSPrioSaved                              0x20000190   Data           1  os_var.o(.data)
    OSQDbgListPtr                            0x20000194   Data           4  os_var.o(.data)
    OSQQty                                   0x20000198   Data           2  os_var.o(.data)
    OSSchedLockTimeBegin                     0x2000019c   Data           4  os_var.o(.data)
    OSSchedLockTimeMax                       0x200001a0   Data           4  os_var.o(.data)
    OSSchedLockTimeMaxCur                    0x200001a4   Data           4  os_var.o(.data)
    OSSchedLockNestingCtr                    0x200001a8   Data           1  os_var.o(.data)
    OSSchedRoundRobinDfltTimeQuanta          0x200001ac   Data           4  os_var.o(.data)
    OSSchedRoundRobinEn                      0x200001b0   Data           1  os_var.o(.data)
    OSSemDbgListPtr                          0x200001b4   Data           4  os_var.o(.data)
    OSSemQty                                 0x200001b8   Data           2  os_var.o(.data)
    OSStatResetFlag                          0x200001ba   Data           1  os_var.o(.data)
    OSStatTaskCPUUsage                       0x200001bc   Data           2  os_var.o(.data)
    OSStatTaskCPUUsageMax                    0x200001be   Data           2  os_var.o(.data)
    OSStatTaskCtr                            0x200001c0   Data           4  os_var.o(.data)
    OSStatTaskCtrMax                         0x200001c4   Data           4  os_var.o(.data)
    OSStatTaskCtrRun                         0x200001c8   Data           4  os_var.o(.data)
    OSStatTaskRdy                            0x200001cc   Data           1  os_var.o(.data)
    OSStatTaskTimeMax                        0x200001d0   Data           4  os_var.o(.data)
    OSTaskCtxSwCtr                           0x200001d4   Data           4  os_var.o(.data)
    OSTaskDbgListPtr                         0x200001d8   Data           4  os_var.o(.data)
    OSTaskQty                                0x200001dc   Data           2  os_var.o(.data)
    OSTaskRegNextAvailID                     0x200001de   Data           1  os_var.o(.data)
    OSTickCtr                                0x200001e0   Data           4  os_var.o(.data)
    OSTickTaskTimeMax                        0x200001e4   Data           4  os_var.o(.data)
    OSTmrDbgListPtr                          0x200001e8   Data           4  os_var.o(.data)
    OSTmrTaskTimeMax                         0x200001ec   Data           4  os_var.o(.data)
    OSTmrTickCtr                             0x200001f0   Data           4  os_var.o(.data)
    OSTmrUpdateCnt                           0x200001f4   Data           4  os_var.o(.data)
    OSTmrUpdateCtr                           0x200001f8   Data           4  os_var.o(.data)
    OSTCBCurPtr                              0x200001fc   Data           4  os_var.o(.data)
    OSTCBHighRdyPtr                          0x20000200   Data           4  os_var.o(.data)
    TaskStartTCB                             0x20000208   Data         200  task.o(.bss)
    TaskUsart1TCB                            0x200002d0   Data         200  task.o(.bss)
    USART1_TASK_STK                          0x20000398   Data         512  task.o(.bss)
    TaskLed1TCB                              0x20000598   Data         200  task.o(.bss)
    LED1_TASK_STK                            0x20000660   Data         256  task.o(.bss)
    TaskLed2TCB                              0x20000760   Data         200  task.o(.bss)
    LED2_TASK_STK                            0x20000828   Data         256  task.o(.bss)
    TaskModbusTCB                            0x20000928   Data         200  task.o(.bss)
    MODBUS_TASK_STK                          0x200009f0   Data         512  task.o(.bss)
    TaskHeadTCB                              0x20000bf0   Data         200  task.o(.bss)
    START_TASK_STK                           0x20000cb8   Data         512  task.o(.bss)
    ucRTUBuf                                 0x20000eb8   Data         256  mbrtu.o(.bss)
    CPU_Name                                 0x20000fd8   Data          16  cpu_core.o(.bss)
    OSCfg_IdleTaskStk                        0x20000fe8   Data         512  os_cfg_app.o(.bss)
    OSCfg_IntQ                               0x200011e8   Data         320  os_cfg_app.o(.bss)
    OSCfg_IntQTaskStk                        0x20001328   Data         512  os_cfg_app.o(.bss)
    OSCfg_ISRStk                             0x20001528   Data         512  os_cfg_app.o(.bss)
    OSCfg_MsgPool                            0x20001728   Data        1600  os_cfg_app.o(.bss)
    OSCfg_StatTaskStk                        0x20001d68   Data         512  os_cfg_app.o(.bss)
    OSCfg_TickTaskStk                        0x20001f68   Data         512  os_cfg_app.o(.bss)
    OSCfg_TickWheel                          0x20002168   Data         136  os_cfg_app.o(.bss)
    OSCfg_TmrTaskStk                         0x200021f0   Data         512  os_cfg_app.o(.bss)
    OSCfg_TmrWheel                           0x200023f0   Data         136  os_cfg_app.o(.bss)
    OSIdleTaskTCB                            0x20002478   Data         200  os_var.o(.bss)
    OSIntQTaskTCB                            0x20002540   Data         200  os_var.o(.bss)
    OSMsgPool                                0x20002608   Data          12  os_var.o(.bss)
    OSRdyList                                0x20002614   Data         384  os_var.o(.bss)
    OSStatTaskTCB                            0x20002794   Data         200  os_var.o(.bss)
    OSTickTaskTCB                            0x2000285c   Data         200  os_var.o(.bss)
    OSTmrTaskTCB                             0x20002924   Data         200  os_var.o(.bss)
    __libspace_start                         0x200029ec   Data          96  libspace.o(.bss)
    __temporary_stack_top$libspace           0x20002a4c   Data           0  libspace.o(.bss)



==============================================================================

Memory Map of the image

  Image Entry point : 0x08000131

  Load Region LR_IROM1 (Base: 0x08000000, Size: 0x00005f80, Max: 0x00080000, ABSOLUTE, COMPRESSED[0x00005dfc])

    Execution Region ER_IROM1 (Exec base: 0x08000000, Load base: 0x08000000, Size: 0x00005d7c, Max: 0x00080000, ABSOLUTE)

    Exec Addr    Load Addr    Size         Type   Attr      Idx    E Section Name        Object

    0x08000000   0x08000000   0x00000130   Data   RO         3837    RESET               startup_stm32f10x_hd.o
    0x08000130   0x08000130   0x00000008   Code   RO         5782  * !!!main             c_w.l(__main.o)
    0x08000138   0x08000138   0x00000034   Code   RO         5968    !!!scatter          c_w.l(__scatter.o)
    0x0800016c   0x0800016c   0x0000005a   Code   RO         5966    !!dczerorl2         c_w.l(__dczerorl2.o)
    0x080001c6   0x080001c6   0x00000002   PAD
    0x080001c8   0x080001c8   0x0000001c   Code   RO         5970    !!handler_zi        c_w.l(__scatter_zi.o)
    0x080001e4   0x080001e4   0x00000000   Code   RO         5775    .ARM.Collect$$_printf_percent$$00000000  c_w.l(_printf_percent.o)
    0x080001e4   0x080001e4   0x00000006   Code   RO         5774    .ARM.Collect$$_printf_percent$$00000009  c_w.l(_printf_d.o)
    0x080001ea   0x080001ea   0x00000006   Code   RO         5773    .ARM.Collect$$_printf_percent$$00000014  c_w.l(_printf_s.o)
    0x080001f0   0x080001f0   0x00000004   Code   RO         5797    .ARM.Collect$$_printf_percent$$00000017  c_w.l(_printf_percent_end.o)
    0x080001f4   0x080001f4   0x00000002   Code   RO         5852    .ARM.Collect$$libinit$$00000000  c_w.l(libinit.o)
    0x080001f6   0x080001f6   0x00000000   Code   RO         5863    .ARM.Collect$$libinit$$00000002  c_w.l(libinit2.o)
    0x080001f6   0x080001f6   0x00000000   Code   RO         5865    .ARM.Collect$$libinit$$00000004  c_w.l(libinit2.o)
    0x080001f6   0x080001f6   0x00000000   Code   RO         5868    .ARM.Collect$$libinit$$0000000A  c_w.l(libinit2.o)
    0x080001f6   0x080001f6   0x00000000   Code   RO         5870    .ARM.Collect$$libinit$$0000000C  c_w.l(libinit2.o)
    0x080001f6   0x080001f6   0x00000000   Code   RO         5872    .ARM.Collect$$libinit$$0000000E  c_w.l(libinit2.o)
    0x080001f6   0x080001f6   0x00000000   Code   RO         5875    .ARM.Collect$$libinit$$00000011  c_w.l(libinit2.o)
    0x080001f6   0x080001f6   0x00000000   Code   RO         5877    .ARM.Collect$$libinit$$00000013  c_w.l(libinit2.o)
    0x080001f6   0x080001f6   0x00000000   Code   RO         5879    .ARM.Collect$$libinit$$00000015  c_w.l(libinit2.o)
    0x080001f6   0x080001f6   0x00000000   Code   RO         5881    .ARM.Collect$$libinit$$00000017  c_w.l(libinit2.o)
    0x080001f6   0x080001f6   0x00000000   Code   RO         5883    .ARM.Collect$$libinit$$00000019  c_w.l(libinit2.o)
    0x080001f6   0x080001f6   0x00000000   Code   RO         5885    .ARM.Collect$$libinit$$0000001B  c_w.l(libinit2.o)
    0x080001f6   0x080001f6   0x00000000   Code   RO         5887    .ARM.Collect$$libinit$$0000001D  c_w.l(libinit2.o)
    0x080001f6   0x080001f6   0x00000000   Code   RO         5889    .ARM.Collect$$libinit$$0000001F  c_w.l(libinit2.o)
    0x080001f6   0x080001f6   0x00000000   Code   RO         5891    .ARM.Collect$$libinit$$00000021  c_w.l(libinit2.o)
    0x080001f6   0x080001f6   0x00000000   Code   RO         5893    .ARM.Collect$$libinit$$00000023  c_w.l(libinit2.o)
    0x080001f6   0x080001f6   0x00000000   Code   RO         5895    .ARM.Collect$$libinit$$00000025  c_w.l(libinit2.o)
    0x080001f6   0x080001f6   0x00000000   Code   RO         5899    .ARM.Collect$$libinit$$0000002C  c_w.l(libinit2.o)
    0x080001f6   0x080001f6   0x00000000   Code   RO         5901    .ARM.Collect$$libinit$$0000002E  c_w.l(libinit2.o)
    0x080001f6   0x080001f6   0x00000000   Code   RO         5903    .ARM.Collect$$libinit$$00000030  c_w.l(libinit2.o)
    0x080001f6   0x080001f6   0x00000000   Code   RO         5905    .ARM.Collect$$libinit$$00000032  c_w.l(libinit2.o)
    0x080001f6   0x080001f6   0x00000002   Code   RO         5906    .ARM.Collect$$libinit$$00000033  c_w.l(libinit2.o)
    0x080001f8   0x080001f8   0x00000002   Code   RO         5938    .ARM.Collect$$libshutdown$$00000000  c_w.l(libshutdown.o)
    0x080001fa   0x080001fa   0x00000000   Code   RO         5948    .ARM.Collect$$libshutdown$$00000002  c_w.l(libshutdown2.o)
    0x080001fa   0x080001fa   0x00000000   Code   RO         5950    .ARM.Collect$$libshutdown$$00000004  c_w.l(libshutdown2.o)
    0x080001fa   0x080001fa   0x00000000   Code   RO         5953    .ARM.Collect$$libshutdown$$00000007  c_w.l(libshutdown2.o)
    0x080001fa   0x080001fa   0x00000000   Code   RO         5956    .ARM.Collect$$libshutdown$$0000000A  c_w.l(libshutdown2.o)
    0x080001fa   0x080001fa   0x00000000   Code   RO         5958    .ARM.Collect$$libshutdown$$0000000C  c_w.l(libshutdown2.o)
    0x080001fa   0x080001fa   0x00000000   Code   RO         5961    .ARM.Collect$$libshutdown$$0000000F  c_w.l(libshutdown2.o)
    0x080001fa   0x080001fa   0x00000002   Code   RO         5962    .ARM.Collect$$libshutdown$$00000010  c_w.l(libshutdown2.o)
    0x080001fc   0x080001fc   0x00000000   Code   RO         5786    .ARM.Collect$$rtentry$$00000000  c_w.l(__rtentry.o)
    0x080001fc   0x080001fc   0x00000000   Code   RO         5805    .ARM.Collect$$rtentry$$00000002  c_w.l(__rtentry2.o)
    0x080001fc   0x080001fc   0x00000006   Code   RO         5817    .ARM.Collect$$rtentry$$00000004  c_w.l(__rtentry4.o)
    0x08000202   0x08000202   0x00000000   Code   RO         5807    .ARM.Collect$$rtentry$$00000009  c_w.l(__rtentry2.o)
    0x08000202   0x08000202   0x00000004   Code   RO         5808    .ARM.Collect$$rtentry$$0000000A  c_w.l(__rtentry2.o)
    0x08000206   0x08000206   0x00000000   Code   RO         5810    .ARM.Collect$$rtentry$$0000000C  c_w.l(__rtentry2.o)
    0x08000206   0x08000206   0x00000008   Code   RO         5811    .ARM.Collect$$rtentry$$0000000D  c_w.l(__rtentry2.o)
    0x0800020e   0x0800020e   0x00000002   Code   RO         5856    .ARM.Collect$$rtexit$$00000000  c_w.l(rtexit.o)
    0x08000210   0x08000210   0x00000000   Code   RO         5908    .ARM.Collect$$rtexit$$00000002  c_w.l(rtexit2.o)
    0x08000210   0x08000210   0x00000004   Code   RO         5909    .ARM.Collect$$rtexit$$00000003  c_w.l(rtexit2.o)
    0x08000214   0x08000214   0x00000006   Code   RO         5910    .ARM.Collect$$rtexit$$00000004  c_w.l(rtexit2.o)
    0x0800021a   0x0800021a   0x00000002   PAD
    0x0800021c   0x0800021c   0x00000040   Code   RO         3838    .text               startup_stm32f10x_hd.o
    0x0800025c   0x0800025c   0x00000034   Code   RO         4224    .text               cpu_a.o
    0x08000290   0x08000290   0x00000002   Code   RO         5739    .text               c_w.l(use_no_semi_2.o)
    0x08000292   0x08000292   0x00000002   PAD
    0x08000294   0x08000294   0x00000018   Code   RO         5745    .text               c_w.l(noretval__2printf.o)
    0x080002ac   0x080002ac   0x00000068   Code   RO         5747    .text               c_w.l(__printf.o)
    0x08000314   0x08000314   0x00000052   Code   RO         5749    .text               c_w.l(_printf_str.o)
    0x08000366   0x08000366   0x00000002   PAD
    0x08000368   0x08000368   0x00000078   Code   RO         5751    .text               c_w.l(_printf_dec.o)
    0x080003e0   0x080003e0   0x00000016   Code   RO         5776    .text               c_w.l(abort.o)
    0x080003f6   0x080003f6   0x0000008a   Code   RO         5778    .text               c_w.l(rt_memcpy_v6.o)
    0x08000480   0x08000480   0x00000006   Code   RO         5780    .text               c_w.l(heapauxi.o)
    0x08000486   0x08000486   0x00000002   Code   RO         5784    .text               c_w.l(use_no_semi.o)
    0x08000488   0x08000488   0x000000b2   Code   RO         5791    .text               c_w.l(_printf_intcommon.o)
    0x0800053a   0x0800053a   0x0000002c   Code   RO         5793    .text               c_w.l(_printf_char.o)
    0x08000566   0x08000566   0x00000002   PAD
    0x08000568   0x08000568   0x00000024   Code   RO         5795    .text               c_w.l(_printf_char_file.o)
    0x0800058c   0x0800058c   0x0000000e   Code   RO         5798    .text               c_w.l(defsig_abrt_outer.o)
    0x0800059a   0x0800059a   0x00000064   Code   RO         5802    .text               c_w.l(rt_memcpy_w.o)
    0x080005fe   0x080005fe   0x00000002   PAD
    0x08000600   0x08000600   0x00000030   Code   RO         5823    .text               c_w.l(_printf_char_common.o)
    0x08000630   0x08000630   0x00000008   Code   RO         5825    .text               c_w.l(ferror.o)
    0x08000638   0x08000638   0x0000000a   Code   RO         5829    .text               c_w.l(defsig_exit.o)
    0x08000642   0x08000642   0x00000002   PAD
    0x08000644   0x08000644   0x00000030   Code   RO         5831    .text               c_w.l(defsig_abrt_inner.o)
    0x08000674   0x08000674   0x0000004a   Code   RO         5833    .text               c_w.l(sys_stackheap_outer.o)
    0x080006be   0x080006be   0x00000012   Code   RO         5837    .text               c_w.l(exit.o)
    0x080006d0   0x080006d0   0x00000032   Code   RO         5841    .text               c_w.l(defsig_general.o)
    0x08000702   0x08000702   0x00000002   PAD
    0x08000704   0x08000704   0x00000008   Code   RO         5853    .text               c_w.l(libspace.o)
    0x0800070c   0x0800070c   0x00000084   Code   RO         4507    CODE                os_cpu_a.o
    0x08000790   0x08000790   0x00000010   Code   RO         4188    i.BSP_CPU_ClkFreq   bsp.o
    0x080007a0   0x080007a0   0x00000002   Code   RO          801    i.BusFault_Handler  stm32f10x_it.o
    0x080007a2   0x080007a2   0x00000002   PAD
    0x080007a4   0x080007a4   0x0000001c   Code   RO         4283    i.CPU_Init          cpu_core.o
    0x080007c0   0x080007c0   0x0000004c   Code   RO         4284    i.CPU_IntDisMeasInit  cpu_core.o
    0x0800080c   0x0800080c   0x00000014   Code   RO         4285    i.CPU_IntDisMeasMaxCalc  cpu_core.o
    0x08000820   0x08000820   0x0000001c   Code   RO         4286    i.CPU_IntDisMeasMaxCurGet  cpu_core.o
    0x0800083c   0x0800083c   0x00000020   Code   RO         4287    i.CPU_IntDisMeasMaxCurReset  cpu_core.o
    0x0800085c   0x0800085c   0x0000001c   Code   RO         4288    i.CPU_IntDisMeasMaxGet  cpu_core.o
    0x08000878   0x08000878   0x00000020   Code   RO         4289    i.CPU_IntDisMeasStart  cpu_core.o
    0x08000898   0x08000898   0x00000030   Code   RO         4290    i.CPU_IntDisMeasStop  cpu_core.o
    0x080008c8   0x080008c8   0x00000028   Code   RO         4291    i.CPU_NameClr       cpu_core.o
    0x080008f0   0x080008f0   0x0000000c   Code   RO         4297    i.CPU_TS_TmrFreqSet  cpu_core.o
    0x080008fc   0x080008fc   0x00000030   Code   RO         4191    i.CPU_TS_TmrInit    bsp.o
    0x0800092c   0x0800092c   0x0000000c   Code   RO         4192    i.CPU_TS_TmrRd      bsp.o
    0x08000938   0x08000938   0x00000002   Code   RO          802    i.DebugMon_Handler  stm32f10x_it.o
    0x0800093a   0x0800093a   0x00000002   PAD
    0x0800093c   0x0800093c   0x00000040   Code   RO          291    i.Delay1ms          delay.o
    0x0800097c   0x0800097c   0x00000034   Code   RO          292    i.Delay1us          delay.o
    0x080009b0   0x080009b0   0x0000015c   Code   RO         2001    i.GPIO_Init         stm32f10x_gpio.o
    0x08000b0c   0x08000b0c   0x00000088   Code   RO         2008    i.GPIO_ResetBits    stm32f10x_gpio.o
    0x08000b94   0x08000b94   0x00000088   Code   RO         2009    i.GPIO_SetBits      stm32f10x_gpio.o
    0x08000c1c   0x08000c1c   0x0000002c   Code   RO          310    i.LED1_Init         led.o
    0x08000c48   0x08000c48   0x0000002c   Code   RO          311    i.LED2_Init         led.o
    0x08000c74   0x08000c74   0x00000006   Code   RO         4111    i.Math_Init         lib_math.o
    0x08000c7a   0x08000c7a   0x00000002   PAD
    0x08000c7c   0x08000c7c   0x00000024   Code   RO         4114    i.Math_RandSetSeed  lib_math.o
    0x08000ca0   0x08000ca0   0x00000002   Code   RO          803    i.MemManage_Handler  stm32f10x_it.o
    0x08000ca2   0x08000ca2   0x00000008   Code   RO         4146    i.Mem_Clr           lib_mem.o
    0x08000caa   0x08000caa   0x00000002   Code   RO         4148    i.Mem_Init          lib_mem.o
    0x08000cac   0x08000cac   0x00000046   Code   RO         4150    i.Mem_Set           lib_mem.o
    0x08000cf2   0x08000cf2   0x00000002   Code   RO          804    i.NMI_Handler       stm32f10x_it.o
    0x08000cf4   0x08000cf4   0x000000a8   Code   RO          852    i.NVIC_Init         misc.o
    0x08000d9c   0x08000d9c   0x00000002   Code   RO         4510    i.OSCfg_Init        os_cfg_app.o
    0x08000d9e   0x08000d9e   0x00000002   Code   RO         4429    i.OSIdleTaskHook    os_cpu_c.o
    0x08000da0   0x08000da0   0x0000014c   Code   RO         4579    i.OSInit            os_core.o
    0x08000eec   0x08000eec   0x00000034   Code   RO         4430    i.OSInitHook        os_cpu_c.o
    0x08000f20   0x08000f20   0x00000020   Code   RO         4580    i.OSIntEnter        os_core.o
    0x08000f40   0x08000f40   0x0000008c   Code   RO         4581    i.OSIntExit         os_core.o
    0x08000fcc   0x08000fcc   0x0000007c   Code   RO         4582    i.OSSched           os_core.o
    0x08001048   0x08001048   0x0000005c   Code   RO         4583    i.OSSchedLock       os_core.o
    0x080010a4   0x080010a4   0x00000058   Code   RO         4584    i.OSSchedRoundRobinCfg  os_core.o
    0x080010fc   0x080010fc   0x00000074   Code   RO         4586    i.OSSchedUnlock     os_core.o
    0x08001170   0x08001170   0x00000058   Code   RO         4587    i.OSStart           os_core.o
    0x080011c8   0x080011c8   0x000000f8   Code   RO         5289    i.OSStatReset       os_stat.o
    0x080012c0   0x080012c0   0x000000b4   Code   RO         5290    i.OSStatTaskCPUUsageInit  os_stat.o
    0x08001374   0x08001374   0x00000002   Code   RO         4431    i.OSStatTaskHook    os_cpu_c.o
    0x08001376   0x08001376   0x00000002   PAD
    0x08001378   0x08001378   0x000001f8   Code   RO         5320    i.OSTaskCreate      os_task.o
    0x08001570   0x08001570   0x00000002   Code   RO         4432    i.OSTaskCreateHook  os_cpu_c.o
    0x08001572   0x08001572   0x00000002   PAD
    0x08001574   0x08001574   0x0000016c   Code   RO         5321    i.OSTaskDel         os_task.o
    0x080016e0   0x080016e0   0x00000002   Code   RO         4433    i.OSTaskDelHook     os_cpu_c.o
    0x080016e2   0x080016e2   0x00000002   PAD
    0x080016e4   0x080016e4   0x0000006c   Code   RO         5329    i.OSTaskResume      os_task.o
    0x08001750   0x08001750   0x00000002   Code   RO         4434    i.OSTaskReturnHook  os_cpu_c.o
    0x08001752   0x08001752   0x00000002   PAD
    0x08001754   0x08001754   0x00000170   Code   RO         5330    i.OSTaskSemPend     os_task.o
    0x080018c4   0x080018c4   0x000000ac   Code   RO         5334    i.OSTaskStkChk      os_task.o
    0x08001970   0x08001970   0x00000060   Code   RO         4435    i.OSTaskStkInit     os_cpu_c.o
    0x080019d0   0x080019d0   0x00000054   Code   RO         5335    i.OSTaskSuspend     os_task.o
    0x08001a24   0x08001a24   0x0000005c   Code   RO         4436    i.OSTaskSwHook      os_cpu_c.o
    0x08001a80   0x08001a80   0x000000ec   Code   RO         5535    i.OSTimeDly         os_time.o
    0x08001b6c   0x08001b6c   0x00000040   Code   RO         5540    i.OSTimeTick        os_time.o
    0x08001bac   0x08001bac   0x00000002   Code   RO         4437    i.OSTimeTickHook    os_cpu_c.o
    0x08001bae   0x08001bae   0x00000002   Code   RO         4817    i.OS_Dbg_Init       os_dbg.o
    0x08001bb0   0x08001bb0   0x00000018   Code   RO         4843    i.OS_FlagInit       os_flag.o
    0x08001bc8   0x08001bc8   0x00000184   Code   RO         4844    i.OS_FlagPost       os_flag.o
    0x08001d4c   0x08001d4c   0x00000044   Code   RO         4845    i.OS_FlagTaskRdy    os_flag.o
    0x08001d90   0x08001d90   0x00000034   Code   RO         4589    i.OS_IdleTask       os_core.o
    0x08001dc4   0x08001dc4   0x00000068   Code   RO         4590    i.OS_IdleTaskInit   os_core.o
    0x08001e2c   0x08001e2c   0x000000b8   Code   RO         4916    i.OS_IntQPost       os_int.o
    0x08001ee4   0x08001ee4   0x0000011c   Code   RO         4917    i.OS_IntQRePost     os_int.o
    0x08002000   0x08002000   0x00000090   Code   RO         4918    i.OS_IntQTask       os_int.o
    0x08002090   0x08002090   0x00000118   Code   RO         4919    i.OS_IntQTaskInit   os_int.o
    0x080021a8   0x080021a8   0x00000018   Code   RO         4950    i.OS_MemInit        os_mem.o
    0x080021c0   0x080021c0   0x0000006c   Code   RO         4982    i.OS_MsgPoolInit    os_msg.o
    0x0800222c   0x0800222c   0x00000034   Code   RO         4983    i.OS_MsgQFreeAll    os_msg.o
    0x08002260   0x08002260   0x0000000e   Code   RO         4985    i.OS_MsgQInit       os_msg.o
    0x0800226e   0x0800226e   0x00000002   PAD
    0x08002270   0x08002270   0x00000088   Code   RO         4986    i.OS_MsgQPut        os_msg.o
    0x080022f8   0x080022f8   0x00000018   Code   RO         5026    i.OS_MutexInit      os_mutex.o
    0x08002310   0x08002310   0x00000050   Code   RO         4591    i.OS_Pend           os_core.o
    0x08002360   0x08002360   0x00000030   Code   RO         4594    i.OS_PendDataInit   os_core.o
    0x08002390   0x08002390   0x00000048   Code   RO         4595    i.OS_PendDbgNameAdd  os_core.o
    0x080023d8   0x080023d8   0x0000001c   Code   RO         4596    i.OS_PendDbgNameRemove  os_core.o
    0x080023f4   0x080023f4   0x0000005a   Code   RO         4600    i.OS_PendListInsertPrio  os_core.o
    0x0800244e   0x0800244e   0x00000026   Code   RO         4601    i.OS_PendListRemove  os_core.o
    0x08002474   0x08002474   0x00000036   Code   RO         4602    i.OS_PendListRemove1  os_core.o
    0x080024aa   0x080024aa   0x00000098   Code   RO         4605    i.OS_Post           os_core.o
    0x08002542   0x08002542   0x00000026   Code   RO         4606    i.OS_Post1          os_core.o
    0x08002568   0x08002568   0x00000024   Code   RO         5108    i.OS_PrioGetHighest  os_prio.o
    0x0800258c   0x0800258c   0x00000014   Code   RO         5109    i.OS_PrioInit       os_prio.o
    0x080025a0   0x080025a0   0x00000020   Code   RO         5110    i.OS_PrioInsert     os_prio.o
    0x080025c0   0x080025c0   0x00000020   Code   RO         5111    i.OS_PrioRemove     os_prio.o
    0x080025e0   0x080025e0   0x00000018   Code   RO         5154    i.OS_QInit          os_q.o
    0x080025f8   0x080025f8   0x00000110   Code   RO         5155    i.OS_QPost          os_q.o
    0x08002708   0x08002708   0x00000024   Code   RO         4607    i.OS_RdyListInit    os_core.o
    0x0800272c   0x0800272c   0x00000030   Code   RO         4608    i.OS_RdyListInsert  os_core.o
    0x0800275c   0x0800275c   0x00000038   Code   RO         4609    i.OS_RdyListInsertHead  os_core.o
    0x08002794   0x08002794   0x00000034   Code   RO         4610    i.OS_RdyListInsertTail  os_core.o
    0x080027c8   0x080027c8   0x00000034   Code   RO         4611    i.OS_RdyListMoveHeadToTail  os_core.o
    0x080027fc   0x080027fc   0x00000054   Code   RO         4612    i.OS_RdyListRemove  os_core.o
    0x08002850   0x08002850   0x00000048   Code   RO         4613    i.OS_Sched0         os_core.o
    0x08002898   0x08002898   0x0000001c   Code   RO         4614    i.OS_SchedLockTimeMeasStart  os_core.o
    0x080028b4   0x080028b4   0x0000003c   Code   RO         4615    i.OS_SchedLockTimeMeasStop  os_core.o
    0x080028f0   0x080028f0   0x00000068   Code   RO         4616    i.OS_SchedRoundRobin  os_core.o
    0x08002958   0x08002958   0x00000018   Code   RO         5226    i.OS_SemInit        os_sem.o
    0x08002970   0x08002970   0x000000e0   Code   RO         5227    i.OS_SemPost        os_sem.o
    0x08002a50   0x08002a50   0x00000294   Code   RO         5291    i.OS_StatTask       os_stat.o
    0x08002ce4   0x08002ce4   0x000000bc   Code   RO         5292    i.OS_StatTaskInit   os_stat.o
    0x08002da0   0x08002da0   0x0000002a   Code   RO         4617    i.OS_TaskBlock      os_core.o
    0x08002dca   0x08002dca   0x00000002   PAD
    0x08002dcc   0x08002dcc   0x00000024   Code   RO         5337    i.OS_TaskDbgListAdd  os_task.o
    0x08002df0   0x08002df0   0x00000038   Code   RO         5338    i.OS_TaskDbgListRemove  os_task.o
    0x08002e28   0x08002e28   0x00000020   Code   RO         5339    i.OS_TaskInit       os_task.o
    0x08002e48   0x08002e48   0x000000c8   Code   RO         5340    i.OS_TaskInitTCB    os_task.o
    0x08002f10   0x08002f10   0x00000144   Code   RO         5341    i.OS_TaskQPost      os_task.o
    0x08003054   0x08003054   0x0000001c   Code   RO         4618    i.OS_TaskRdy        os_core.o
    0x08003070   0x08003070   0x00000100   Code   RO         5342    i.OS_TaskResume     os_task.o
    0x08003170   0x08003170   0x00000018   Code   RO         5343    i.OS_TaskReturn     os_task.o
    0x08003188   0x08003188   0x00000188   Code   RO         5344    i.OS_TaskSemPost    os_task.o
    0x08003310   0x08003310   0x000000e8   Code   RO         5345    i.OS_TaskSuspend    os_task.o
    0x080033f8   0x080033f8   0x0000002c   Code   RO         5487    i.OS_TickListInit   os_tick.o
    0x08003424   0x08003424   0x000000d8   Code   RO         5488    i.OS_TickListInsert  os_tick.o
    0x080034fc   0x080034fc   0x00000036   Code   RO         5489    i.OS_TickListRemove  os_tick.o
    0x08003532   0x08003532   0x00000002   PAD
    0x08003534   0x08003534   0x00000028   Code   RO         5490    i.OS_TickListResetPeak  os_tick.o
    0x0800355c   0x0800355c   0x00000174   Code   RO         5491    i.OS_TickListUpdate  os_tick.o
    0x080036d0   0x080036d0   0x00000028   Code   RO         5492    i.OS_TickTask       os_tick.o
    0x080036f8   0x080036f8   0x000000a8   Code   RO         5493    i.OS_TickTaskInit   os_tick.o
    0x080037a0   0x080037a0   0x00000104   Code   RO         5586    i.OS_TmrInit        os_tmr.o
    0x080038a4   0x080038a4   0x00000098   Code   RO         5587    i.OS_TmrLink        os_tmr.o
    0x0800393c   0x0800393c   0x00000028   Code   RO         5588    i.OS_TmrResetPeak   os_tmr.o
    0x08003964   0x08003964   0x000000ac   Code   RO         5589    i.OS_TmrTask        os_tmr.o
    0x08003a10   0x08003a10   0x0000004c   Code   RO         5590    i.OS_TmrUnlink      os_tmr.o
    0x08003a5c   0x08003a5c   0x00000060   Code   RO         2417    i.RCC_APB1PeriphClockCmd  stm32f10x_rcc.o
    0x08003abc   0x08003abc   0x00000060   Code   RO         2419    i.RCC_APB2PeriphClockCmd  stm32f10x_rcc.o
    0x08003b1c   0x08003b1c   0x00000094   Code   RO         2427    i.RCC_GetClocksFreq  stm32f10x_rcc.o
    0x08003bb0   0x08003bb0   0x00000002   Code   RO          805    i.SVC_Handler       stm32f10x_it.o
    0x08003bb2   0x08003bb2   0x00000002   PAD
    0x08003bb4   0x08003bb4   0x00000078   Code   RO          229    i.SYSBSP_Init       sysbsp.o
    0x08003c2c   0x08003c2c   0x000000a8   Code   RO         3806    i.SetSysClockTo72   system_stm32f10x.o
    0x08003cd4   0x08003cd4   0x00000020   Code   RO          806    i.SysTick_Handler   stm32f10x_it.o
    0x08003cf4   0x08003cf4   0x00000050   Code   RO         3808    i.SystemInit        system_stm32f10x.o
    0x08003d44   0x08003d44   0x00000054   Code   RO          328    i.Systick_Init      sys.o
    0x08003d98   0x08003d98   0x00000028   Code   RO          771    i.TIM2_IRQHandler   porttimer.o
    0x08003dc0   0x08003dc0   0x000000f8   Code   RO         3036    i.TIM_ARRPreloadConfig  stm32f10x_tim.o
    0x08003eb8   0x08003eb8   0x000000ec   Code   RO         3043    i.TIM_ClearITPendingBit  stm32f10x_tim.o
    0x08003fa4   0x08003fa4   0x000000f8   Code   RO         3048    i.TIM_Cmd           stm32f10x_tim.o
    0x0800409c   0x0800409c   0x00000118   Code   RO         3069    i.TIM_GetITStatus   stm32f10x_tim.o
    0x080041b4   0x080041b4   0x00000108   Code   RO         3073    i.TIM_ITConfig      stm32f10x_tim.o
    0x080042bc   0x080042bc   0x000000dc   Code   RO         3113    i.TIM_SetCounter    stm32f10x_tim.o
    0x08004398   0x08004398   0x00000178   Code   RO         3119    i.TIM_TimeBaseInit  stm32f10x_tim.o
    0x08004510   0x08004510   0x00000090   Code   RO          343    i.USART1_Configuration  usart.o
    0x080045a0   0x080045a0   0x00000058   Code   RO          729    i.USART2_IRQHandler  portserial.o
    0x080045f8   0x080045f8   0x000000bc   Code   RO         3573    i.USART_ClearITPendingBit  stm32f10x_usart.o
    0x080046b4   0x080046b4   0x00000084   Code   RO         3576    i.USART_Cmd         stm32f10x_usart.o
    0x08004738   0x08004738   0x000000c0   Code   RO         3579    i.USART_GetFlagStatus  stm32f10x_usart.o
    0x080047f8   0x080047f8   0x00000114   Code   RO         3580    i.USART_GetITStatus  stm32f10x_usart.o
    0x0800490c   0x0800490c   0x00000108   Code   RO         3582    i.USART_ITConfig    stm32f10x_usart.o
    0x08004a14   0x08004a14   0x000001ac   Code   RO         3583    i.USART_Init        stm32f10x_usart.o
    0x08004bc0   0x08004bc0   0x00000068   Code   RO         3590    i.USART_ReceiveData  stm32f10x_usart.o
    0x08004c28   0x08004c28   0x0000007c   Code   RO         3593    i.USART_SendData    stm32f10x_usart.o
    0x08004ca4   0x08004ca4   0x00000002   Code   RO          807    i.UsageFault_Handler  stm32f10x_it.o
    0x08004ca6   0x08004ca6   0x00000002   Code   RO          344    i._sys_exit         usart.o
    0x08004ca8   0x08004ca8   0x00000002   Code   RO          345    i._ttywrch          usart.o
    0x08004caa   0x08004caa   0x00000002   PAD
    0x08004cac   0x08004cac   0x00000040   Code   RO            1    i.assert_failed     main.o
    0x08004cec   0x08004cec   0x00000020   Code   RO          382    i.eMBEnable         mb.o
    0x08004d0c   0x08004d0c   0x00000072   Code   RO          559    i.eMBFuncReadCoils  mbfunccoils.o
    0x08004d7e   0x08004d7e   0x00000072   Code   RO          583    i.eMBFuncReadDiscreteInputs  mbfuncdisc.o
    0x08004df0   0x08004df0   0x00000064   Code   RO          595    i.eMBFuncReadHoldingRegister  mbfuncholding.o
    0x08004e54   0x08004e54   0x00000062   Code   RO          625    i.eMBFuncReadInputRegister  mbfuncinput.o
    0x08004eb6   0x08004eb6   0x0000009c   Code   RO          596    i.eMBFuncReadWriteMultipleHoldingRegister  mbfuncholding.o
    0x08004f52   0x08004f52   0x00000002   PAD
    0x08004f54   0x08004f54   0x00000024   Code   RO          637    i.eMBFuncReportSlaveID  mbfuncother.o
    0x08004f78   0x08004f78   0x00000056   Code   RO          560    i.eMBFuncWriteCoil  mbfunccoils.o
    0x08004fce   0x08004fce   0x00000032   Code   RO          597    i.eMBFuncWriteHoldingRegister  mbfuncholding.o
    0x08005000   0x08005000   0x00000064   Code   RO          561    i.eMBFuncWriteMultipleCoils  mbfunccoils.o
    0x08005064   0x08005064   0x0000004e   Code   RO          598    i.eMBFuncWriteMultipleHoldingRegister  mbfuncholding.o
    0x080050b2   0x080050b2   0x00000002   PAD
    0x080050b4   0x080050b4   0x00000080   Code   RO          383    i.eMBInit           mb.o
    0x08005134   0x08005134   0x000000b4   Code   RO          384    i.eMBPoll           mb.o
    0x080051e8   0x080051e8   0x0000003c   Code   RO          448    i.eMBRTUInit        mbrtu.o
    0x08005224   0x08005224   0x00000050   Code   RO          449    i.eMBRTUReceive     mbrtu.o
    0x08005274   0x08005274   0x00000070   Code   RO          450    i.eMBRTUSend        mbrtu.o
    0x080052e4   0x080052e4   0x0000001c   Code   RO          451    i.eMBRTUStart       mbrtu.o
    0x08005300   0x08005300   0x00000012   Code   RO          452    i.eMBRTUStop        mbrtu.o
    0x08005312   0x08005312   0x00000002   PAD
    0x08005314   0x08005314   0x00000074   Code   RO          658    i.eMBRegCoilsCB     demo.o
    0x08005388   0x08005388   0x00000048   Code   RO          659    i.eMBRegDiscreteCB  demo.o
    0x080053d0   0x080053d0   0x0000006c   Code   RO          660    i.eMBRegHoldingCB   demo.o
    0x0800543c   0x0800543c   0x00000040   Code   RO          661    i.eMBRegInputCB     demo.o
    0x0800547c   0x0800547c   0x00000024   Code   RO          346    i.fputc             usart.o
    0x080054a0   0x080054a0   0x0000002c   Code   RO          242    i.led1_task         task.o
    0x080054cc   0x080054cc   0x0000002c   Code   RO          243    i.led2_task         task.o
    0x080054f8   0x080054f8   0x0000005c   Code   RO            2    i.main              main.o
    0x08005554   0x08005554   0x0000000c   Code   RO          244    i.modbus_task       task.o
    0x08005560   0x08005560   0x00000018   Code   RO          526    i.prveMBError2Exception  mbutils.o
    0x08005578   0x08005578   0x00000174   Code   RO          245    i.start_task        task.o
    0x080056ec   0x080056ec   0x0000002c   Code   RO          509    i.usMBCRC16         mbcrc.o
    0x08005718   0x08005718   0x00000038   Code   RO          246    i.usart1_task       task.o
    0x08005750   0x08005750   0x00000034   Code   RO          731    i.vMBPortSerialEnable  portserial.o
    0x08005784   0x08005784   0x0000002a   Code   RO          792    i.vMBPortTimersDisable  porttimer.o
    0x080057ae   0x080057ae   0x0000002a   Code   RO          786    i.vMBPortTimersEnable  porttimer.o
    0x080057d8   0x080057d8   0x0000001c   Code   RO          703    i.xMBPortEventGet   portevent.o
    0x080057f4   0x080057f4   0x00000010   Code   RO          704    i.xMBPortEventInit  portevent.o
    0x08005804   0x08005804   0x00000010   Code   RO          705    i.xMBPortEventPost  portevent.o
    0x08005814   0x08005814   0x00000014   Code   RO          762    i.xMBPortSerialGetByte  portserial.o
    0x08005828   0x08005828   0x000000d4   Code   RO          732    i.xMBPortSerialInit  portserial.o
    0x080058fc   0x080058fc   0x00000014   Code   RO          756    i.xMBPortSerialPutByte  portserial.o
    0x08005910   0x08005910   0x00000080   Code   RO          772    i.xMBPortTimersInit  porttimer.o
    0x08005990   0x08005990   0x00000068   Code   RO          453    i.xMBRTUReceiveFSM  mbrtu.o
    0x080059f8   0x080059f8   0x00000040   Code   RO          454    i.xMBRTUTimerT35Expired  mbrtu.o
    0x08005a38   0x08005a38   0x0000005c   Code   RO          455    i.xMBRTUTransmitFSM  mbrtu.o
    0x08005a94   0x08005a94   0x00000022   Code   RO          527    i.xMBUtilGetBits    mbutils.o
    0x08005ab6   0x08005ab6   0x00000032   Code   RO          528    i.xMBUtilSetBits    mbutils.o
    0x08005ae8   0x08005ae8   0x00000200   Data   RO          510    .constdata          mbcrc.o
    0x08005ce8   0x08005ce8   0x00000004   Data   RO         4521    .constdata          os_cfg_app.o
    0x08005cec   0x08005cec   0x00000004   Data   RO         4522    .constdata          os_cfg_app.o
    0x08005cf0   0x08005cf0   0x00000004   Data   RO         4523    .constdata          os_cfg_app.o
    0x08005cf4   0x08005cf4   0x00000004   Data   RO         4525    .constdata          os_cfg_app.o
    0x08005cf8   0x08005cf8   0x00000002   Data   RO         4526    .constdata          os_cfg_app.o
    0x08005cfa   0x08005cfa   0x00000002   PAD
    0x08005cfc   0x08005cfc   0x00000004   Data   RO         4528    .constdata          os_cfg_app.o
    0x08005d00   0x08005d00   0x00000004   Data   RO         4529    .constdata          os_cfg_app.o
    0x08005d04   0x08005d04   0x00000004   Data   RO         4530    .constdata          os_cfg_app.o
    0x08005d08   0x08005d08   0x00000004   Data   RO         4532    .constdata          os_cfg_app.o
    0x08005d0c   0x08005d0c   0x00000004   Data   RO         4533    .constdata          os_cfg_app.o
    0x08005d10   0x08005d10   0x00000002   Data   RO         4535    .constdata          os_cfg_app.o
    0x08005d12   0x08005d12   0x00000002   PAD
    0x08005d14   0x08005d14   0x00000004   Data   RO         4537    .constdata          os_cfg_app.o
    0x08005d18   0x08005d18   0x00000001   Data   RO         4538    .constdata          os_cfg_app.o
    0x08005d19   0x08005d19   0x00000003   PAD
    0x08005d1c   0x08005d1c   0x00000004   Data   RO         4539    .constdata          os_cfg_app.o
    0x08005d20   0x08005d20   0x00000004   Data   RO         4540    .constdata          os_cfg_app.o
    0x08005d24   0x08005d24   0x00000004   Data   RO         4541    .constdata          os_cfg_app.o
    0x08005d28   0x08005d28   0x00000004   Data   RO         4542    .constdata          os_cfg_app.o
    0x08005d2c   0x08005d2c   0x00000004   Data   RO         4544    .constdata          os_cfg_app.o
    0x08005d30   0x08005d30   0x00000004   Data   RO         4545    .constdata          os_cfg_app.o
    0x08005d34   0x08005d34   0x00000001   Data   RO         4546    .constdata          os_cfg_app.o
    0x08005d35   0x08005d35   0x00000003   PAD
    0x08005d38   0x08005d38   0x00000004   Data   RO         4547    .constdata          os_cfg_app.o
    0x08005d3c   0x08005d3c   0x00000004   Data   RO         4548    .constdata          os_cfg_app.o
    0x08005d40   0x08005d40   0x00000004   Data   RO         4549    .constdata          os_cfg_app.o
    0x08005d44   0x08005d44   0x00000002   Data   RO         4551    .constdata          os_cfg_app.o
    0x08005d46   0x08005d46   0x00000001   Data   RO         4553    .constdata          os_cfg_app.o
    0x08005d47   0x08005d47   0x00000001   PAD
    0x08005d48   0x08005d48   0x00000004   Data   RO         4554    .constdata          os_cfg_app.o
    0x08005d4c   0x08005d4c   0x00000004   Data   RO         4555    .constdata          os_cfg_app.o
    0x08005d50   0x08005d50   0x00000004   Data   RO         4556    .constdata          os_cfg_app.o
    0x08005d54   0x08005d54   0x00000004   Data   RO         4557    .constdata          os_cfg_app.o
    0x08005d58   0x08005d58   0x00000002   Data   RO         4559    .constdata          os_cfg_app.o
    0x08005d5a   0x08005d5a   0x00000002   PAD
    0x08005d5c   0x08005d5c   0x00000020   Data   RO         5964    Region$$Table       anon$$obj.o


    Execution Region RW_IRAM1 (Exec base: 0x20000000, Load base: 0x08005d7c, Size: 0x00003450, Max: 0x00010000, ABSOLUTE, COMPRESSED[0x00000080])

    Exec Addr    Load Addr    Size         Type   Attr      Idx    E Section Name        Object

    0x20000000   COMPRESSED   0x00000004   Data   RW          329    .data               sys.o
    0x20000004   COMPRESSED   0x00000004   Data   RW          347    .data               usart.o
    0x20000008   COMPRESSED   0x000000ac   Data   RW          386    .data               mb.o
    0x200000b4   COMPRESSED   0x0000000c   Data   RW          457    .data               mbrtu.o
    0x200000c0   COMPRESSED   0x00000002   Data   RW          640    .data               mbfuncother.o
    0x200000c2   COMPRESSED   0x0000003e   Data   RW          662    .data               demo.o
    0x20000100   COMPRESSED   0x00000002   Data   RW          706    .data               portevent.o
    0x20000102   COMPRESSED   0x00000014   Data   RW         2447    .data               stm32f10x_rcc.o
    0x20000116   COMPRESSED   0x00000002   PAD
    0x20000118   COMPRESSED   0x00000014   Data   RW         3809    .data               system_stm32f10x.o
    0x2000012c   COMPRESSED   0x00000004   Data   RW         4115    .data               lib_math.o
    0x20000130   COMPRESSED   0x0000001c   Data   RW         4301    .data               cpu_core.o
    0x2000014c   COMPRESSED   0x00000004   Data   RW         4440    .data               os_cpu_c.o
    0x20000150   COMPRESSED   0x00000004   Data   RW         5112    .data               os_prio.o
    0x20000154   COMPRESSED   0x00000004   Data   RW         5674    .data               os_var.o
    0x20000158   COMPRESSED   0x00000001   Data   RW         5675    .data               os_var.o
    0x20000159   COMPRESSED   0x00000003   PAD
    0x2000015c   COMPRESSED   0x00000004   Data   RW         5676    .data               os_var.o
    0x20000160   COMPRESSED   0x00000001   Data   RW         5677    .data               os_var.o
    0x20000161   COMPRESSED   0x00000003   PAD
    0x20000164   COMPRESSED   0x00000004   Data   RW         5678    .data               os_var.o
    0x20000168   COMPRESSED   0x00000004   Data   RW         5679    .data               os_var.o
    0x2000016c   COMPRESSED   0x00000002   Data   RW         5680    .data               os_var.o
    0x2000016e   COMPRESSED   0x00000002   Data   RW         5681    .data               os_var.o
    0x20000170   COMPRESSED   0x00000002   Data   RW         5682    .data               os_var.o
    0x20000172   COMPRESSED   0x00000002   PAD
    0x20000174   COMPRESSED   0x00000004   Data   RW         5683    .data               os_var.o
    0x20000178   COMPRESSED   0x00000004   Data   RW         5684    .data               os_var.o
    0x2000017c   COMPRESSED   0x00000002   Data   RW         5685    .data               os_var.o
    0x2000017e   COMPRESSED   0x00000002   PAD
    0x20000180   COMPRESSED   0x00000004   Data   RW         5686    .data               os_var.o
    0x20000184   COMPRESSED   0x00000002   Data   RW         5687    .data               os_var.o
    0x20000186   COMPRESSED   0x00000002   PAD
    0x20000188   COMPRESSED   0x00000004   Data   RW         5688    .data               os_var.o
    0x2000018c   COMPRESSED   0x00000002   Data   RW         5689    .data               os_var.o
    0x2000018e   COMPRESSED   0x00000001   Data   RW         5690    .data               os_var.o
    0x2000018f   COMPRESSED   0x00000001   Data   RW         5691    .data               os_var.o
    0x20000190   COMPRESSED   0x00000001   Data   RW         5692    .data               os_var.o
    0x20000191   COMPRESSED   0x00000003   PAD
    0x20000194   COMPRESSED   0x00000004   Data   RW         5693    .data               os_var.o
    0x20000198   COMPRESSED   0x00000002   Data   RW         5694    .data               os_var.o
    0x2000019a   COMPRESSED   0x00000002   PAD
    0x2000019c   COMPRESSED   0x00000004   Data   RW         5695    .data               os_var.o
    0x200001a0   COMPRESSED   0x00000004   Data   RW         5696    .data               os_var.o
    0x200001a4   COMPRESSED   0x00000004   Data   RW         5697    .data               os_var.o
    0x200001a8   COMPRESSED   0x00000001   Data   RW         5698    .data               os_var.o
    0x200001a9   COMPRESSED   0x00000003   PAD
    0x200001ac   COMPRESSED   0x00000004   Data   RW         5699    .data               os_var.o
    0x200001b0   COMPRESSED   0x00000001   Data   RW         5700    .data               os_var.o
    0x200001b1   COMPRESSED   0x00000003   PAD
    0x200001b4   COMPRESSED   0x00000004   Data   RW         5701    .data               os_var.o
    0x200001b8   COMPRESSED   0x00000002   Data   RW         5702    .data               os_var.o
    0x200001ba   COMPRESSED   0x00000001   Data   RW         5703    .data               os_var.o
    0x200001bb   COMPRESSED   0x00000001   PAD
    0x200001bc   COMPRESSED   0x00000002   Data   RW         5704    .data               os_var.o
    0x200001be   COMPRESSED   0x00000002   Data   RW         5705    .data               os_var.o
    0x200001c0   COMPRESSED   0x00000004   Data   RW         5706    .data               os_var.o
    0x200001c4   COMPRESSED   0x00000004   Data   RW         5707    .data               os_var.o
    0x200001c8   COMPRESSED   0x00000004   Data   RW         5708    .data               os_var.o
    0x200001cc   COMPRESSED   0x00000001   Data   RW         5709    .data               os_var.o
    0x200001cd   COMPRESSED   0x00000003   PAD
    0x200001d0   COMPRESSED   0x00000004   Data   RW         5710    .data               os_var.o
    0x200001d4   COMPRESSED   0x00000004   Data   RW         5711    .data               os_var.o
    0x200001d8   COMPRESSED   0x00000004   Data   RW         5712    .data               os_var.o
    0x200001dc   COMPRESSED   0x00000002   Data   RW         5713    .data               os_var.o
    0x200001de   COMPRESSED   0x00000001   Data   RW         5714    .data               os_var.o
    0x200001df   COMPRESSED   0x00000001   PAD
    0x200001e0   COMPRESSED   0x00000004   Data   RW         5715    .data               os_var.o
    0x200001e4   COMPRESSED   0x00000004   Data   RW         5716    .data               os_var.o
    0x200001e8   COMPRESSED   0x00000004   Data   RW         5717    .data               os_var.o
    0x200001ec   COMPRESSED   0x00000004   Data   RW         5719    .data               os_var.o
    0x200001f0   COMPRESSED   0x00000004   Data   RW         5720    .data               os_var.o
    0x200001f4   COMPRESSED   0x00000004   Data   RW         5721    .data               os_var.o
    0x200001f8   COMPRESSED   0x00000004   Data   RW         5722    .data               os_var.o
    0x200001fc   COMPRESSED   0x00000004   Data   RW         5723    .data               os_var.o
    0x20000200   COMPRESSED   0x00000004   Data   RW         5724    .data               os_var.o
    0x20000204   COMPRESSED   0x00000004   PAD
    0x20000208        -       0x00000ab0   Zero   RW          247    .bss                task.o
    0x20000cb8        -       0x00000200   Zero   RW          248    .bss                task.o
    0x20000eb8        -       0x00000100   Zero   RW          456    .bss                mbrtu.o
    0x20000fb8        -       0x00000020   Zero   RW          639    .bss                mbfuncother.o
    0x20000fd8        -       0x00000010   Zero   RW         4299    .bss                cpu_core.o
    0x20000fe8        -       0x00000200   Zero   RW         4511    .bss                os_cfg_app.o
    0x200011e8        -       0x00000140   Zero   RW         4512    .bss                os_cfg_app.o
    0x20001328        -       0x00000200   Zero   RW         4513    .bss                os_cfg_app.o
    0x20001528        -       0x00000200   Zero   RW         4514    .bss                os_cfg_app.o
    0x20001728        -       0x00000640   Zero   RW         4515    .bss                os_cfg_app.o
    0x20001d68        -       0x00000200   Zero   RW         4516    .bss                os_cfg_app.o
    0x20001f68        -       0x00000200   Zero   RW         4517    .bss                os_cfg_app.o
    0x20002168        -       0x00000088   Zero   RW         4518    .bss                os_cfg_app.o
    0x200021f0        -       0x00000200   Zero   RW         4519    .bss                os_cfg_app.o
    0x200023f0        -       0x00000088   Zero   RW         4520    .bss                os_cfg_app.o
    0x20002478        -       0x000000c8   Zero   RW         5667    .bss                os_var.o
    0x20002540        -       0x000000c8   Zero   RW         5668    .bss                os_var.o
    0x20002608        -       0x0000000c   Zero   RW         5669    .bss                os_var.o
    0x20002614        -       0x00000180   Zero   RW         5670    .bss                os_var.o
    0x20002794        -       0x000000c8   Zero   RW         5671    .bss                os_var.o
    0x2000285c        -       0x000000c8   Zero   RW         5672    .bss                os_var.o
    0x20002924        -       0x000000c8   Zero   RW         5673    .bss                os_var.o
    0x200029ec        -       0x00000060   Zero   RW         5854    .bss                c_w.l(libspace.o)
    0x20002a4c   COMPRESSED   0x00000004   PAD
    0x20002a50        -       0x00000200   Zero   RW         3836    HEAP                startup_stm32f10x_hd.o
    0x20002c50        -       0x00000800   Zero   RW         3835    STACK               startup_stm32f10x_hd.o


==============================================================================

Image component sizes


      Code (inc. data)   RO Data    RW Data    ZI Data      Debug   Object Name

        76         16          0          0          0       1782   bsp.o
        52          0          0          0          0        288   cpu_a.o
       344         48          0         28         16       8000   cpu_core.o
       116         14          0          0          0       1122   delay.o
       360         20          0         62          0       4229   demo.o
        88         12          0          0          0        928   led.o
        42          4          0          4          0       2160   lib_math.o
        80          0          0          0          0       2163   lib_mem.o
       156         72          0          0          0     286224   main.o
       340         42          0        172          0       4604   mb.o
        44          6        512          0          0       1176   mbcrc.o
       300          0          0          0          0       3870   mbfunccoils.o
       114          0          0          0          0       1624   mbfuncdisc.o
       384          0          0          0          0       5407   mbfuncholding.o
        98          0          0          0          0       1583   mbfuncinput.o
        36         10          0          2         32       1319   mbfuncother.o
       558         50          0         12        256       6015   mbrtu.o
       108          0          0          0          0       2498   mbutils.o
       168         26          0          0          0       1000   misc.o
         2          0        103          0       5264      20315   os_cfg_app.o
      2430        404          0          0          0      20117   os_core.o
       132         32          0          0          0        308   os_cpu_a.o
       252         32          0          4          0       5640   os_cpu_c.o
         2          0          0          0          0        842   os_dbg.o
       480         26          0          0          0       3215   os_flag.o
       892        202          0          0          0       3630   os_int.o
        24         10          0          0          0        805   os_mem.o
       310         22          0          0          0       3177   os_msg.o
        24         10          0          0          0        877   os_mutex.o
       120         16          0          4          0       2706   os_prio.o
       296         20          0          0          0       2152   os_q.o
       248         16          0          0          0       2018   os_sem.o
      1276        218          0          0          0       4091   os_stat.o
      3152        250          0          0          0      14128   os_task.o
       934        126          0          0          0       5601   os_tick.o
       300         24          0          0          0       1753   os_time.o
       700        134          0          0          0       4140   os_tmr.o
         0          0          0        148       1396      18854   os_var.o
        60         14          0          2          0       2052   portevent.o
       392         38          0          0          0       3748   portserial.o
       252         10          0          0          0       2639   porttimer.o
        64         26        304          0       2560        832   startup_stm32f10x_hd.o
       620        184          0          0          0       3220   stm32f10x_gpio.o
        44          4          0          0          0       3065   stm32f10x_it.o
       340         96          0         20          0       4498   stm32f10x_rcc.o
      1872        678          0          0          0       5726   stm32f10x_tim.o
      1708        430          0          0          0       7511   stm32f10x_usart.o
        84         18          0          4          0        699   sys.o
       120         64          0          0          0        538   sysbsp.o
       248         24          0         20          0       1805   system_stm32f10x.o
       528        180          0          0       3248       3593   task.o
       184         16          0          4          0       3880   usart.o

    ----------------------------------------------------------------------
     21584       3644        964        516      12776     494167   Object Totals
         0          0         32          0          0          0   (incl. Generated)
        30          0         13         30          4          0   (incl. Padding)

    ----------------------------------------------------------------------

      Code (inc. data)   RO Data    RW Data    ZI Data      Debug   Library Member Name

        90          0          0          0          0          0   __dczerorl2.o
         8          0          0          0          0         68   __main.o
       104          0          0          0          0         84   __printf.o
         0          0          0          0          0          0   __rtentry.o
        12          0          0          0          0          0   __rtentry2.o
         6          0          0          0          0          0   __rtentry4.o
        52          8          0          0          0          0   __scatter.o
        28          0          0          0          0          0   __scatter_zi.o
        44          0          0          0          0        108   _printf_char.o
        48          6          0          0          0         96   _printf_char_common.o
        36          4          0          0          0         80   _printf_char_file.o
         6          0          0          0          0          0   _printf_d.o
       120         16          0          0          0         92   _printf_dec.o
       178          0          0          0          0         88   _printf_intcommon.o
         0          0          0          0          0          0   _printf_percent.o
         4          0          0          0          0          0   _printf_percent_end.o
         6          0          0          0          0          0   _printf_s.o
        82          0          0          0          0         80   _printf_str.o
        22          0          0          0          0         80   abort.o
        48         34          0          0          0         76   defsig_abrt_inner.o
        14          0          0          0          0         80   defsig_abrt_outer.o
        10          0          0          0          0         68   defsig_exit.o
        50          0          0          0          0         88   defsig_general.o
        18          0          0          0          0         80   exit.o
         8          0          0          0          0         68   ferror.o
         6          0          0          0          0        152   heapauxi.o
         2          0          0          0          0          0   libinit.o
         2          0          0          0          0          0   libinit2.o
         2          0          0          0          0          0   libshutdown.o
         2          0          0          0          0          0   libshutdown2.o
         8          4          0          0         96         68   libspace.o
        24          4          0          0          0         84   noretval__2printf.o
       138          0          0          0          0         68   rt_memcpy_v6.o
       100          0          0          0          0         80   rt_memcpy_w.o
         2          0          0          0          0          0   rtexit.o
        10          0          0          0          0          0   rtexit2.o
        74          0          0          0          0         80   sys_stackheap_outer.o
         2          0          0          0          0         68   use_no_semi.o
         2          0          0          0          0         68   use_no_semi_2.o

    ----------------------------------------------------------------------
      1384         76          0          0        100       1904   Library Totals
        16          0          0          0          4          0   (incl. Padding)

    ----------------------------------------------------------------------

      Code (inc. data)   RO Data    RW Data    ZI Data      Debug   Library Name

      1368         76          0          0         96       1904   c_w.l

    ----------------------------------------------------------------------
      1384         76          0          0        100       1904   Library Totals

    ----------------------------------------------------------------------

==============================================================================


      Code (inc. data)   RO Data    RW Data    ZI Data      Debug   

     22968       3720        964        516      12876     484783   Grand Totals
     22968       3720        964        128      12876     484783   ELF Image Totals (compressed)
     22968       3720        964        128          0          0   ROM Totals

==============================================================================

    Total RO  Size (Code + RO Data)                23932 (  23.37kB)
    Total RW  Size (RW Data + ZI Data)             13392 (  13.08kB)
    Total ROM Size (Code + RO Data + RW Data)      24060 (  23.50kB)

==============================================================================

